Build started at Sun 11 Jan 2026 09:02:04 PST
Plugin: OuariconMarimba
Flags: DRY_RUN=false NO_INSTALL=false VERBOSE=false RECONFIGURE=false
---
Phase 1: Pre-flight Validation
Pre-flight validation: PASS
Phase 2: Parallel Build
$ cmake --build build --config Release --target OuariconMarimba_VST3 --target OuariconMarimba_AU --parallel
[0/2] Re-checking globbed directories...
[1/7] Building CXX object plugins/OuariconMarimba/CMakeFiles/OuariconMarimba.dir/Source/BodyResonance.cpp.o
[2/7] Building CXX object plugins/OuariconMarimba/CMakeFiles/OuariconMarimba.dir/Source/MarimbaVoice.cpp.o
/Users/taylorbrook/Dev/VST-development/plugins/OuariconMarimba/Source/MarimbaVoice.cpp:269:49: warning: implicit conversion changes signedness: 'int' to 'size_type' (aka 'unsigned long') [-Wsign-conversion]
  269 |         float modeFreq = baseFreq * MODE_RATIOS[i];
      |                                     ~~~~~~~~~~~ ^
/Users/taylorbrook/Dev/VST-development/plugins/OuariconMarimba/Source/MarimbaVoice.cpp:275:15: warning: implicit conversion changes signedness: 'int' to 'size_type' (aka 'unsigned long') [-Wsign-conversion]
  275 |         modes[i].amplitude = getModeAmplitude(i, barMaterial);
      |         ~~~~~ ^
/Users/taylorbrook/Dev/VST-development/plugins/OuariconMarimba/Source/MarimbaVoice.cpp:288:25: warning: implicit conversion changes signedness: 'int' to 'size_type' (aka 'unsigned long') [-Wsign-conversion]
  288 |         float g = modes[i].amplitude * (1.0f - r);
      |                   ~~~~~ ^
/Users/taylorbrook/Dev/VST-development/plugins/OuariconMarimba/Source/MarimbaVoice.cpp:291:15: warning: implicit conversion changes signedness: 'int' to 'size_type' (aka 'unsigned long') [-Wsign-conversion]
  291 |         modes[i].b0 = g;
      |         ~~~~~ ^
/Users/taylorbrook/Dev/VST-development/plugins/OuariconMarimba/Source/MarimbaVoice.cpp:292:15: warning: implicit conversion changes signedness: 'int' to 'size_type' (aka 'unsigned long') [-Wsign-conversion]
  292 |         modes[i].a1 = 2.0f * r * std::cos(theta);
      |         ~~~~~ ^
/Users/taylorbrook/Dev/VST-development/plugins/OuariconMarimba/Source/MarimbaVoice.cpp:293:15: warning: implicit conversion changes signedness: 'int' to 'size_type' (aka 'unsigned long') [-Wsign-conversion]
  293 |         modes[i].a2 = -(r * r);
      |         ~~~~~ ^
6 warnings generated.
[3/7] Building CXX object plugins/OuariconMarimba/CMakeFiles/OuariconMarimba.dir/Source/PluginProcessor.cpp.o
In file included from /Users/taylorbrook/Dev/VST-development/plugins/OuariconMarimba/Source/PluginProcessor.cpp:11:
/Users/taylorbrook/Dev/VST-development/plugins/OuariconMarimba/Source/PluginProcessor.h:28:35: warning: implicit conversion changes signedness: 'int' to 'size_type' (aka 'unsigned long') [-Wsign-conversion]
   28 |             buffer[(writePos + i) % kBufferSize] = data[i];
      |             ~~~~~~ ~~~~~~~~~~~~~~~^~~~~~~~~~~~~
/Users/taylorbrook/Dev/VST-development/plugins/OuariconMarimba/Source/PluginProcessor.h:43:46: warning: implicit conversion changes signedness: 'int' to 'size_type' (aka 'unsigned long') [-Wsign-conversion]
   43 |             dest[i] = buffer[(readStart + i) % kBufferSize];
      |                       ~~~~~~ ~~~~~~~~~~~~~~~~^~~~~~~~~~~~~
/Users/taylorbrook/Dev/VST-development/plugins/OuariconMarimba/Source/PluginProcessor.h:73:29: warning: implicit conversion changes signedness: 'int' to 'size_type' (aka 'unsigned long') [-Wsign-conversion]
   73 |             events[writePos.load()] = event;
      |             ~~~~~~ ~~~~~~~~~^~~~~~
/Users/taylorbrook/Dev/VST-development/plugins/OuariconMarimba/Source/PluginProcessor.h:84:24: warning: implicit conversion changes signedness: 'int' to 'size_type' (aka 'unsigned long') [-Wsign-conversion]
   84 |         event = events[currentRead];
      |                 ~~~~~~ ^~~~~~~~~~~
4 warnings generated.
[4/7] Linking CXX static library "plugins/OuariconMarimba/OuariconMarimba_artefacts/Release/libOuaricon Marimba_SharedCode.a"
[5/7] Linking CXX CFBundle shared module "plugins/OuariconMarimba/OuariconMarimba_artefacts/Release/VST3/Ouaricon Marimba.vst3/Contents/MacOS/Ouaricon Marimba"
/Users/taylorbrook/Dev/VST-development/build/plugins/OuariconMarimba/OuariconMarimba_artefacts/Release/VST3/Ouaricon Marimba.vst3: code has no resources but signature indicates they must be present
-- Replacing invalid signature with ad-hoc signature
/Users/taylorbrook/Dev/VST-development/build/plugins/OuariconMarimba/OuariconMarimba_artefacts/Release/VST3/Ouaricon Marimba.vst3: replacing existing signature
removing moduleinfo.json
creating /Users/taylorbrook/Dev/VST-development/build/plugins/OuariconMarimba/OuariconMarimba_artefacts/Release/VST3/Ouaricon Marimba.vst3
[6/7] Linking CXX CFBundle shared module "plugins/OuariconMarimba/OuariconMarimba_artefacts/Release/AU/Ouaricon Marimba.component/Contents/MacOS/Ouaricon Marimba"
Build: SUCCESS
Phase 3: Extract PRODUCT_NAME
PRODUCT_NAME: Ouaricon Marimba
Phase 4: Remove Old Versions
Removed old VST3: /Users/taylorbrook/Library/Audio/Plug-Ins/VST3/Ouaricon Marimba.vst3
Removed old AU: /Users/taylorbrook/Library/Audio/Plug-Ins/Components/Ouaricon Marimba.component
Phase 5: Install New Versions
Installed VST3: /Users/taylorbrook/Library/Audio/Plug-Ins/VST3/Ouaricon Marimba.vst3
Installed AU: /Users/taylorbrook/Library/Audio/Plug-Ins/Components/Ouaricon Marimba.component
Phase 6: Clear DAW Caches
Cleared Ableton plugin database
Cleared AU cache
Killed AudioComponentRegistrar
Phase 7: Verification

Verification: PASS
VST3: /Users/taylorbrook/Library/Audio/Plug-Ins/VST3/Ouaricon Marimba.vst3 (5.2M, 0s old)
AU: /Users/taylorbrook/Library/Audio/Plug-Ins/Components/Ouaricon Marimba.component (5.1M, 0s old)

Build completed at Sun 11 Jan 2026 09:02:19 PST
Duration: 15s
