Build started at Fri 16 Jan 2026 19:41:38 PST
Plugin: OuariconLyrica
Flags: DRY_RUN=false NO_INSTALL=false VERBOSE=false RECONFIGURE=true
---
Phase 1: Pre-flight Validation
Pre-flight validation: PASS
Phase 2: Parallel Build
Removed build directory for reconfiguration
$ cmake -B build -G Ninja -DCMAKE_BUILD_TYPE=Release
-- The C compiler identification is AppleClang 17.0.0.17000404
-- The CXX compiler identification is AppleClang 17.0.0.17000404
-- Detecting C compiler ABI info
-- Detecting C compiler ABI info - done
-- Check for working C compiler: /usr/bin/cc - skipped
-- Detecting C compile features
-- Detecting C compile features - done
-- Detecting CXX compiler ABI info
-- Detecting CXX compiler ABI info - done
-- Check for working CXX compiler: /usr/bin/c++ - skipped
-- Detecting CXX compile features
-- Detecting CXX compile features - done
-- Configuring juceaide
-- Building juceaide
-- Exporting juceaide
-- Testing juceaide
-- Finished setting up juceaide
CMake Warning at /Users/taylorbrook/JUCE/extras/Build/CMake/JUCEUtils.cmake:1721 (message):
  Target OuariconDigitalDelay has JUCE_BUNDLE_ID 'com.Ouaricon
  Audio.OuariconDigitalDelay', which contains spaces.  Use the BUNDLE_ID
  option to specify a valid ID.
Call Stack (most recent call first):
  /Users/taylorbrook/JUCE/extras/Build/CMake/JUCEUtils.cmake:2107 (_juce_set_fallback_properties)
  /Users/taylorbrook/JUCE/extras/Build/CMake/JUCEUtils.cmake:2190 (_juce_initialise_target)
  plugins/Ouaricon Digital Delay/CMakeLists.txt:4 (juce_add_plugin)


CMake Warning at /Users/taylorbrook/JUCE/extras/Build/CMake/JUCEUtils.cmake:1721 (message):
  Target OuariconAnalogEQ has JUCE_BUNDLE_ID 'com.Ouaricon
  Audio.OuariconAnalogEQ', which contains spaces.  Use the BUNDLE_ID option
  to specify a valid ID.
Call Stack (most recent call first):
  /Users/taylorbrook/JUCE/extras/Build/CMake/JUCEUtils.cmake:2107 (_juce_set_fallback_properties)
  /Users/taylorbrook/JUCE/extras/Build/CMake/JUCEUtils.cmake:2190 (_juce_initialise_target)
  plugins/OuariconAnalogEQ/CMakeLists.txt:4 (juce_add_plugin)


CMake Warning at /Users/taylorbrook/JUCE/extras/Build/CMake/JUCEUtils.cmake:1721 (message):
  Target OuariconComp has JUCE_BUNDLE_ID 'com.Ouaricon Audio.OuariconComp',
  which contains spaces.  Use the BUNDLE_ID option to specify a valid ID.
Call Stack (most recent call first):
  /Users/taylorbrook/JUCE/extras/Build/CMake/JUCEUtils.cmake:2107 (_juce_set_fallback_properties)
  /Users/taylorbrook/JUCE/extras/Build/CMake/JUCEUtils.cmake:2190 (_juce_initialise_target)
  plugins/OuariconComp/CMakeLists.txt:4 (juce_add_plugin)


CMake Warning at /Users/taylorbrook/JUCE/extras/Build/CMake/JUCEUtils.cmake:1721 (message):
  Target OuariconLyrica has JUCE_BUNDLE_ID 'com.Ouaricon
  Audio.OuariconLyrica', which contains spaces.  Use the BUNDLE_ID option to
  specify a valid ID.
Call Stack (most recent call first):
  /Users/taylorbrook/JUCE/extras/Build/CMake/JUCEUtils.cmake:2107 (_juce_set_fallback_properties)
  /Users/taylorbrook/JUCE/extras/Build/CMake/JUCEUtils.cmake:2190 (_juce_initialise_target)
  plugins/OuariconLyrica/CMakeLists.txt:4 (juce_add_plugin)


CMake Warning at /Users/taylorbrook/JUCE/extras/Build/CMake/JUCEUtils.cmake:1721 (message):
  Target OuariconMarimba has JUCE_BUNDLE_ID 'com.Ouaricon
  Audio.OuariconMarimba', which contains spaces.  Use the BUNDLE_ID option to
  specify a valid ID.
Call Stack (most recent call first):
  /Users/taylorbrook/JUCE/extras/Build/CMake/JUCEUtils.cmake:2107 (_juce_set_fallback_properties)
  /Users/taylorbrook/JUCE/extras/Build/CMake/JUCEUtils.cmake:2190 (_juce_initialise_target)
  plugins/OuariconMarimba/CMakeLists.txt:4 (juce_add_plugin)


CMake Warning at /Users/taylorbrook/JUCE/extras/Build/CMake/JUCEUtils.cmake:1721 (message):
  Target OuariconPolystutter has JUCE_BUNDLE_ID 'com.Ouaricon
  Audio.OuariconPolystutter', which contains spaces.  Use the BUNDLE_ID
  option to specify a valid ID.
Call Stack (most recent call first):
  /Users/taylorbrook/JUCE/extras/Build/CMake/JUCEUtils.cmake:2107 (_juce_set_fallback_properties)
  /Users/taylorbrook/JUCE/extras/Build/CMake/JUCEUtils.cmake:2190 (_juce_initialise_target)
  plugins/OuariconPolystutter/CMakeLists.txt:4 (juce_add_plugin)


CMake Warning at /Users/taylorbrook/JUCE/extras/Build/CMake/JUCEUtils.cmake:1721 (message):
  Target OuariconSaturationModeling has JUCE_BUNDLE_ID 'com.Ouaricon
  Audio.OuariconSaturationModeling', which contains spaces.  Use the
  BUNDLE_ID option to specify a valid ID.
Call Stack (most recent call first):
  /Users/taylorbrook/JUCE/extras/Build/CMake/JUCEUtils.cmake:2107 (_juce_set_fallback_properties)
  /Users/taylorbrook/JUCE/extras/Build/CMake/JUCEUtils.cmake:2190 (_juce_initialise_target)
  plugins/OuariconSaturationModeling/CMakeLists.txt:4 (juce_add_plugin)


CMake Warning at /Users/taylorbrook/JUCE/extras/Build/CMake/JUCEUtils.cmake:1721 (message):
  Target OuariconSimpleReverb has JUCE_BUNDLE_ID 'com.Ouaricon
  Audio.OuariconSimpleReverb', which contains spaces.  Use the BUNDLE_ID
  option to specify a valid ID.
Call Stack (most recent call first):
  /Users/taylorbrook/JUCE/extras/Build/CMake/JUCEUtils.cmake:2107 (_juce_set_fallback_properties)
  /Users/taylorbrook/JUCE/extras/Build/CMake/JUCEUtils.cmake:2190 (_juce_initialise_target)
  plugins/OuariconSimpleReverb/CMakeLists.txt:7 (juce_add_plugin)


-- [Ouaricon] Adding module 'preset-manager' from /Users/taylorbrook/Dev/VST-development/modules/persistence/preset-manager
-- [Ouaricon]   Added /Users/taylorbrook/Dev/VST-development/plugins/OuariconSimpleReverb C++ sources
-- [Ouaricon]   Copied preset-manager.js to ui/public/modules/
CMake Warning at /Users/taylorbrook/JUCE/extras/Build/CMake/JUCEUtils.cmake:1721 (message):
  Target OuariconTremolo has JUCE_BUNDLE_ID 'com.Ouaricon
  Audio.OuariconTremolo', which contains spaces.  Use the BUNDLE_ID option to
  specify a valid ID.
Call Stack (most recent call first):
  /Users/taylorbrook/JUCE/extras/Build/CMake/JUCEUtils.cmake:2107 (_juce_set_fallback_properties)
  /Users/taylorbrook/JUCE/extras/Build/CMake/JUCEUtils.cmake:2190 (_juce_initialise_target)
  plugins/OuariconTremolo/CMakeLists.txt:7 (juce_add_plugin)


-- [Ouaricon] Adding module 'preset-manager' from /Users/taylorbrook/Dev/VST-development/modules/persistence/preset-manager
-- [Ouaricon]   Added /Users/taylorbrook/Dev/VST-development/plugins/OuariconTremolo C++ sources
-- [Ouaricon]   Copied preset-manager.js to ui/public/modules/
-- Configuring done (10.1s)
-- Generating done (0.1s)
-- Build files have been written to: /Users/taylorbrook/Dev/VST-development/build
$ cmake --build build --config Release --target OuariconLyrica_VST3 --target OuariconLyrica_AU --parallel
[0/2] Re-checking globbed directories...
[1/61] Generating OuariconLyrica_artefacts/JuceLibraryCode/JuceHeader.h
[2/61] Building CXX object plugins/OuariconLyrica/CMakeFiles/OuariconLyrica.dir/Users/taylorbrook/JUCE/modules/juce_audio_processors/juce_audio_processors_lv2_libs.cpp.o
[3/61] Building CXX object plugins/OuariconLyrica/CMakeFiles/OuariconLyrica.dir/Users/taylorbrook/JUCE/modules/juce_audio_processors/juce_audio_processors_ara.cpp.o
[4/61] Building CXX object plugins/OuariconLyrica/CMakeFiles/OuariconLyrica.dir/Source/DSP/StiffnessFilter.cpp.o
/Users/taylorbrook/Dev/VST-development/plugins/OuariconLyrica/Source/DSP/StiffnessFilter.cpp:87:23: warning: implicit conversion changes signedness: 'int' to 'size_type' (aka 'unsigned long') [-Wsign-conversion]
   87 |         allpassStages[i].coefficient = juce::jlimit(-0.9f, 0.9f, coefficient);
      |         ~~~~~~~~~~~~~ ^
1 warning generated.
[5/61] Building CXX object plugins/OuariconLyrica/CMakeFiles/OuariconLyrica.dir/Source/DSP/StringVoice.cpp.o
[6/61] Building CXX object plugins/OuariconLyrica/CMakeFiles/OuariconLyrica.dir/Source/DSP/StringMaterial.cpp.o
[7/61] Building CXX object plugins/OuariconLyrica/CMakeFiles/OuariconLyrica.dir/Source/DSP/BridgeFilter.cpp.o
[8/61] Building CXX object plugins/OuariconLyrica/CMakeFiles/OuariconLyrica.dir/Source/DSP/SympatheticResonance.cpp.o
FAILED: [code=1] plugins/OuariconLyrica/CMakeFiles/OuariconLyrica.dir/Source/DSP/SympatheticResonance.cpp.o 
/usr/bin/c++ -DJUCE_GLOBAL_MODULE_SETTINGS_INCLUDED=1 -DJUCE_MODULE_AVAILABLE_juce_audio_basics=1 -DJUCE_MODULE_AVAILABLE_juce_audio_devices=1 -DJUCE_MODULE_AVAILABLE_juce_audio_formats=1 -DJUCE_MODULE_AVAILABLE_juce_audio_plugin_client=1 -DJUCE_MODULE_AVAILABLE_juce_audio_processors=1 -DJUCE_MODULE_AVAILABLE_juce_audio_utils=1 -DJUCE_MODULE_AVAILABLE_juce_core=1 -DJUCE_MODULE_AVAILABLE_juce_data_structures=1 -DJUCE_MODULE_AVAILABLE_juce_dsp=1 -DJUCE_MODULE_AVAILABLE_juce_events=1 -DJUCE_MODULE_AVAILABLE_juce_graphics=1 -DJUCE_MODULE_AVAILABLE_juce_gui_basics=1 -DJUCE_MODULE_AVAILABLE_juce_gui_extra=1 -DJUCE_SHARED_CODE=1 -DJUCE_STANDALONE_APPLICATION=JucePlugin_Build_Standalone -DJUCE_USE_CURL=0 -DJUCE_VST3_CAN_REPLACE_VST2=0 -DJUCE_WEB_BROWSER=1 -DJucePlugin_AAXCategory=2048 -DJucePlugin_AAXDisableBypass=0 -DJucePlugin_AAXDisableMultiMono=0 -DJucePlugin_AAXIdentifier="com.Ouaricon Audio.OuariconLyrica" -DJucePlugin_AAXManufacturerCode=JucePlugin_ManufacturerCode -DJucePlugin_AAXProductId=JucePlugin_PluginCode -DJucePlugin_ARACompatibleArchiveIDs=\"\" -DJucePlugin_ARAContentTypes=0 -DJucePlugin_ARADocumentArchiveID="\"com.Ouaricon Audio.OuariconLyrica.aradocumentarchive.1\"" -DJucePlugin_ARAFactoryID="\"com.Ouaricon Audio.OuariconLyrica.arafactory.1.0.0\"" -DJucePlugin_ARATransformationFlags=0 -DJucePlugin_AUExportPrefix=OuariconLyricaAU -DJucePlugin_AUExportPrefixQuoted=\"OuariconLyricaAU\" -DJucePlugin_AUMainType="'aumu'" -DJucePlugin_AUManufacturerCode=JucePlugin_ManufacturerCode -DJucePlugin_AUSubType=JucePlugin_PluginCode -DJucePlugin_Build_AAX=0 -DJucePlugin_Build_AU=1 -DJucePlugin_Build_AUv3=0 -DJucePlugin_Build_LV2=0 -DJucePlugin_Build_Standalone=1 -DJucePlugin_Build_Unity=0 -DJucePlugin_Build_VST3=1 -DJucePlugin_Build_VST=0 -DJucePlugin_CFBundleIdentifier="com.Ouaricon Audio.OuariconLyrica" -DJucePlugin_Desc=\"OuariconLyrica\" -DJucePlugin_EditorRequiresKeyboardFocus=0 -DJucePlugin_Enable_ARA=0 -DJucePlugin_IsMidiEffect=0 -DJucePlugin_IsSynth=1 -DJucePlugin_Manufacturer="\"Ouaricon Audio\"" -DJucePlugin_ManufacturerCode=0x4f754175 -DJucePlugin_ManufacturerEmail=\"\" -DJucePlugin_ManufacturerWebsite=\"\" -DJucePlugin_Name=\"OuariconLyrica\" -DJucePlugin_PluginCode=0x4f4c7972 -DJucePlugin_ProducesMidiOutput=0 -DJucePlugin_VSTCategory=kPlugCategSynth -DJucePlugin_VSTNumMidiInputs=16 -DJucePlugin_VSTNumMidiOutputs=16 -DJucePlugin_VSTUniqueID=JucePlugin_PluginCode -DJucePlugin_Version=1.0.0 -DJucePlugin_VersionCode=0x10000 -DJucePlugin_VersionString=\"1.0.0\" -DJucePlugin_Vst3Category="\"Instrument|Synth\"" -DJucePlugin_WantsMidiInput=1 -DNDEBUG=1 -D_NDEBUG=1 -I/Users/taylorbrook/Dev/VST-development/build/plugins/OuariconLyrica/OuariconLyrica_artefacts/JuceLibraryCode -I/Users/taylorbrook/Dev/VST-development/plugins/OuariconLyrica/Source -I/Users/taylorbrook/JUCE/modules -I/Users/taylorbrook/JUCE/modules/juce_audio_processors/format_types/VST3_SDK -I/Users/taylorbrook/JUCE/modules/juce_audio_processors/format_types/LV2_SDK -I/Users/taylorbrook/JUCE/modules/juce_audio_processors/format_types/LV2_SDK/lv2 -I/Users/taylorbrook/JUCE/modules/juce_audio_processors/format_types/LV2_SDK/serd -I/Users/taylorbrook/JUCE/modules/juce_audio_processors/format_types/LV2_SDK/sord -I/Users/taylorbrook/JUCE/modules/juce_audio_processors/format_types/LV2_SDK/sord/src -I/Users/taylorbrook/JUCE/modules/juce_audio_processors/format_types/LV2_SDK/sratom -I/Users/taylorbrook/JUCE/modules/juce_audio_processors/format_types/LV2_SDK/lilv -I/Users/taylorbrook/JUCE/modules/juce_audio_processors/format_types/LV2_SDK/lilv/src -O3 -DNDEBUG -std=gnu++17 -arch arm64 -mmacosx-version-min=10.13 -fPIC -fvisibility=hidden -fvisibility-inlines-hidden -O3 -flto -Wall -Wshadow-all -Wshorten-64-to-32 -Wstrict-aliasing -Wuninitialized -Wunused-parameter -Wconversion -Wsign-compare -Wint-conversion -Wconditional-uninitialized -Wconstant-conversion -Wsign-conversion -Wbool-conversion -Wextra-semi -Wunreachable-code -Wcast-align -Wshift-sign-overflow -Wmissing-prototypes -Wnullable-to-nonnull-conversion -Wno-ignored-qualifiers -Wswitch-enum -Wpedantic -Wdeprecated -Wfloat-equal -Wmissing-field-initializers -Wzero-as-null-pointer-constant -Wunused-private-field -Woverloaded-virtual -Wreorder -Winconsistent-missing-destructor-override -MD -MT plugins/OuariconLyrica/CMakeFiles/OuariconLyrica.dir/Source/DSP/SympatheticResonance.cpp.o -MF plugins/OuariconLyrica/CMakeFiles/OuariconLyrica.dir/Source/DSP/SympatheticResonance.cpp.o.d -o plugins/OuariconLyrica/CMakeFiles/OuariconLyrica.dir/Source/DSP/SympatheticResonance.cpp.o -c /Users/taylorbrook/Dev/VST-development/plugins/OuariconLyrica/Source/DSP/SympatheticResonance.cpp
/Users/taylorbrook/Dev/VST-development/plugins/OuariconLyrica/Source/DSP/SympatheticResonance.cpp:66:27: error: object of type 'mapped_type' (aka 'SympatheticResonanceEngine::VoiceInfo') cannot be assigned because its copy assignment operator is implicitly deleted
   66 |     activeVoices[voiceId] = info;
      |                           ^
/Users/taylorbrook/Dev/VST-development/plugins/OuariconLyrica/Source/DSP/SympatheticResonance.h:87:39: note: copy assignment operator of 'VoiceInfo' is implicitly deleted because field 'resonatorFilter' has a deleted copy assignment operator
   87 |         juce::dsp::IIR::Filter<float> resonatorFilter; // Bandpass filter tuned to frequency
      |                                       ^
/Users/taylorbrook/JUCE/modules/juce_dsp/processors/juce_IIRFilter.h:330:17: note: explicitly defaulted function was implicitly deleted here
  330 |         Filter& operator= (const Filter&) = default;
      |                 ^
/Users/taylorbrook/JUCE/modules/juce_dsp/processors/juce_IIRFilter.h:397:31: note: copy assignment operator of 'Filter<float>' is implicitly deleted because field 'memory' has a deleted copy assignment operator
  397 |         HeapBlock<SampleType> memory;
      |                               ^
/Users/taylorbrook/JUCE/modules/juce_core/memory/juce_HeapBlock.h:376:5: note: 'operator=' has been explicitly marked deleted here
  376 |     JUCE_DECLARE_NON_COPYABLE (HeapBlock)
      |     ^
/Users/taylorbrook/JUCE/modules/juce_core/system/juce_PlatformDefs.h:251:16: note: expanded from macro 'JUCE_DECLARE_NON_COPYABLE'
  251 |     className& operator= (const className&) = delete;
      |                ^
/Users/taylorbrook/Dev/VST-development/plugins/OuariconLyrica/Source/DSP/SympatheticResonance.cpp:203:9: warning: implicit conversion loses floating-point precision: 'double' to 'float' [-Wimplicit-float-conversion]
  201 |     auto coefficients = juce::dsp::IIR::Coefficients<float>::makeBandPass(
      |                         ~~~~
  202 |         sampleRate,
  203 |         clampedFreq,
      |         ^~~~~~~~~~~
1 warning and 1 error generated.
[9/61] Building CXX object plugins/OuariconLyrica/CMakeFiles/OuariconLyrica_vst3_helper.dir/Users/taylorbrook/JUCE/modules/juce_audio_plugin_client/VST3/juce_VST3ManifestHelper.mm.o
[10/61] Building CXX object plugins/OuariconLyrica/CMakeFiles/OuariconLyrica.dir/Source/HarpSynthSound.cpp.o
[11/61] Building CXX object plugins/OuariconLyrica/CMakeFiles/OuariconLyrica.dir/Source/DSP/BodyResonance.cpp.o
/Users/taylorbrook/Dev/VST-development/plugins/OuariconLyrica/Source/DSP/BodyResonance.cpp:68:38: warning: implicit conversion changes signedness: 'int' to 'size_type' (aka 'unsigned long') [-Wsign-conversion]
   68 |         float modeOutput = bodyModes[i].processSample(input);
      |                            ~~~~~~~~~ ^
/Users/taylorbrook/Dev/VST-development/plugins/OuariconLyrica/Source/DSP/BodyResonance.cpp:69:55: warning: implicit conversion changes signedness: 'int' to 'size_type' (aka 'unsigned long') [-Wsign-conversion]
   69 |         resonantOutput += modeOutput * modeAmplitudes[i];
      |                                        ~~~~~~~~~~~~~~ ^
/Users/taylorbrook/Dev/VST-development/plugins/OuariconLyrica/Source/DSP/BodyResonance.cpp:91:60: warning: implicit conversion changes signedness: 'int' to 'size_type' (aka 'unsigned long') [-Wsign-conversion]
   91 |         float scaledFreq = scaleFrequency(BASE_FREQUENCIES[i]);
      |                                           ~~~~~~~~~~~~~~~~ ^
/Users/taylorbrook/Dev/VST-development/plugins/OuariconLyrica/Source/DSP/BodyResonance.cpp:97:20: warning: implicit conversion changes signedness: 'int' to 'size_type' (aka 'unsigned long') [-Wsign-conversion]
   97 |         *bodyModes[i].coefficients = *juce::dsp::IIR::Coefficients<float>::makePeakFilter(
      |          ~~~~~~~~~ ^
/Users/taylorbrook/Dev/VST-development/plugins/OuariconLyrica/Source/DSP/BodyResonance.cpp:105:24: warning: implicit conversion changes signedness: 'int' to 'size_type' (aka 'unsigned long') [-Wsign-conversion]
  105 |         modeAmplitudes[i] = getModeAmplitude(i, currentWoodType);
      |         ~~~~~~~~~~~~~~ ^
5 warnings generated.
[12/61] Building CXX object plugins/OuariconLyrica/CMakeFiles/OuariconLyrica.dir/Source/HarpSynthVoice.cpp.o
[13/61] Building CXX object plugins/OuariconLyrica/CMakeFiles/OuariconLyrica.dir/Users/taylorbrook/JUCE/modules/juce_core/juce_core_CompilationTime.cpp.o
[14/61] Building CXX object plugins/OuariconLyrica/CMakeFiles/OuariconLyrica.dir/Source/DSP/DelayLine.cpp.o
/Users/taylorbrook/Dev/VST-development/plugins/OuariconLyrica/Source/DSP/DelayLine.cpp:37:32: warning: declaration shadows a field of 'DelayLine' [-Wshadow]
   37 | void DelayLine::setDelay(float delayInSamples)
      |                                ^
/Users/taylorbrook/Dev/VST-development/plugins/OuariconLyrica/Source/DSP/DelayLine.h:64:11: note: previous declaration is here
   64 |     float delayInSamples = 0.0f;
      |           ^
1 warning generated.
[15/61] Building CXX object plugins/OuariconLyrica/CMakeFiles/OuariconLyrica.dir/Source/DSP/PluckExciter.cpp.o
[16/61] Building CXX object plugins/OuariconLyrica/CMakeFiles/OuariconLyrica.dir/Source/PluginEditor.cpp.o
In file included from /Users/taylorbrook/Dev/VST-development/plugins/OuariconLyrica/Source/PluginEditor.cpp:11:
/Users/taylorbrook/Dev/VST-development/plugins/OuariconLyrica/Source/PluginEditor.h:24:35: warning: private field 'processorRef' is not used [-Wunused-private-field]
   24 |     OuariconLyricaAudioProcessor& processorRef;
      |                                   ^
1 warning generated.
[17/61] Building CXX object plugins/OuariconLyrica/CMakeFiles/OuariconLyrica.dir/Source/DSP/WaveguideString.cpp.o
[18/61] Building CXX object plugins/OuariconLyrica/CMakeFiles/OuariconLyrica.dir/Source/PluginProcessor.cpp.o
[19/61] Building C object plugins/OuariconLyrica/CMakeFiles/OuariconLyrica.dir/Users/taylorbrook/JUCE/modules/juce_graphics/juce_graphics_Sheenbidi.c.o
[20/61] Building CXX object plugins/OuariconLyrica/CMakeFiles/OuariconLyrica.dir/Users/taylorbrook/JUCE/modules/juce_events/juce_events.mm.o
[21/61] Building CXX object plugins/OuariconLyrica/CMakeFiles/OuariconLyrica.dir/Users/taylorbrook/JUCE/modules/juce_gui_extra/juce_gui_extra.mm.o
[22/61] Building CXX object plugins/OuariconLyrica/CMakeFiles/OuariconLyrica.dir/Users/taylorbrook/JUCE/modules/juce_audio_processors/juce_audio_processors.mm.o
[23/61] Building CXX object plugins/OuariconLyrica/CMakeFiles/OuariconLyrica.dir/Users/taylorbrook/JUCE/modules/juce_graphics/juce_graphics_Harfbuzz.cpp.o
[24/61] Building CXX object plugins/OuariconLyrica/CMakeFiles/OuariconLyrica.dir/Users/taylorbrook/JUCE/modules/juce_graphics/juce_graphics.mm.o
[25/61] Building CXX object plugins/OuariconLyrica/CMakeFiles/OuariconLyrica.dir/Users/taylorbrook/JUCE/modules/juce_gui_basics/juce_gui_basics.mm.o
In file included from /Users/taylorbrook/JUCE/modules/juce_gui_basics/juce_gui_basics.mm:35:
In file included from /Users/taylorbrook/JUCE/modules/juce_gui_basics/juce_gui_basics.cpp:189:
/Users/taylorbrook/JUCE/modules/juce_gui_basics/native/juce_NSViewComponentPeer_mac.mm:1923:17: warning: enumeration value 'NSEventTypeMouseCancelled' not explicitly handled in switch [-Wswitch-enum]
 1923 |         switch ([e type])
      |                 ^~~~~~~~
/Users/taylorbrook/JUCE/modules/juce_gui_basics/native/juce_NSViewComponentPeer_mac.mm:1923:17: note: add missing switch cases
 1923 |         switch ([e type])
      |                 ^
1 warning generated.
ninja: build stopped: subcommand failed.
ERROR: Build failed
