Build started at Fri 16 Jan 2026 20:04:18 PST
Plugin: OuariconLyrica
Flags: DRY_RUN=false NO_INSTALL=false VERBOSE=false RECONFIGURE=false
---
Phase 1: Pre-flight Validation
Pre-flight validation: PASS
Phase 2: Parallel Build
$ cmake --build build --config Release --target OuariconLyrica_VST3 --target OuariconLyrica_AU --parallel
[0/2] Re-checking globbed directories...
ninja: no work to do.
Build: SUCCESS
Phase 3: Extract PRODUCT_NAME
PRODUCT_NAME: OuariconLyrica
Phase 4: Remove Old Versions
Removed old VST3: /Users/taylorbrook/Library/Audio/Plug-Ins/VST3/OuariconLyrica.vst3
Removed old AU: /Users/taylorbrook/Library/Audio/Plug-Ins/Components/OuariconLyrica.component
Phase 5: Install New Versions
Installed VST3: /Users/taylorbrook/Library/Audio/Plug-Ins/VST3/OuariconLyrica.vst3
Installed AU: /Users/taylorbrook/Library/Audio/Plug-Ins/Components/OuariconLyrica.component
Phase 6: Clear DAW Caches
Cleared Ableton plugin database
Cleared AU cache
Killed AudioComponentRegistrar
Phase 7: Verification

Verification: PASS
VST3: /Users/taylorbrook/Library/Audio/Plug-Ins/VST3/OuariconLyrica.vst3 (3.7M, 0s old)
AU: /Users/taylorbrook/Library/Audio/Plug-Ins/Components/OuariconLyrica.component (3.6M, 0s old)

Build completed at Fri 16 Jan 2026 20:04:18 PST
Duration: 0s
