Build started at Tue  6 Jan 2026 17:50:47 PST
Plugin: OuariconTremolo
Flags: DRY_RUN=false NO_INSTALL=true VERBOSE=false RECONFIGURE=false
---
Phase 1: Pre-flight Validation
Pre-flight validation: PASS
Phase 2: Parallel Build
$ cmake --build build --config Release --target OuariconTremolo_VST3 --target OuariconTremolo_AU --parallel
[0/2] Re-checking globbed directories...
[1/2] Re-running CMake...
-- Configuring juceaide
-- Building juceaide
-- Exporting juceaide
-- Testing juceaide
-- Finished setting up juceaide
-- Configuring done (0.6s)
-- Generating done (0.0s)
-- Build files have been written to: /Users/taylorbrook/Dev/VST-development/build
[0/4] Re-checking globbed directories...
[1/56] Generating juce_binarydata_OuariconTremolo_UIResources/JuceLibraryCode/BinaryData1.cpp, juce_binarydata_OuariconTremolo_UIResources/JuceLibraryCode/BinaryData2.cpp, juce_binarydata_OuariconTremolo_UIResources/JuceLibraryCode/BinaryData3.cpp, juce_binarydata_OuariconTremolo_UIResources/JuceLibraryCode/BinaryData4.cpp, juce_binarydata_OuariconTremolo_UIResources/JuceLibraryCode/BinaryData5.cpp, juce_binarydata_OuariconTremolo_UIResources/JuceLibraryCode/BinaryData.h
[2/52] Building CXX object plugins/OuariconTremolo/CMakeFiles/OuariconTremolo_UIResources.dir/juce_binarydata_OuariconTremolo_UIResources/JuceLibraryCode/BinaryData1.cpp.o
[3/52] Linking CXX static library plugins/OuariconTremolo/libOuariconTremolo_UIResources.a
[4/52] Generating OuariconTremolo_artefacts/JuceLibraryCode/JuceHeader.h
[5/52] Building CXX object plugins/OuariconTremolo/CMakeFiles/OuariconTremolo.dir/Users/taylorbrook/JUCE/modules/juce_audio_processors/juce_audio_processors_lv2_libs.cpp.o
[6/52] Building CXX object plugins/OuariconTremolo/CMakeFiles/OuariconTremolo.dir/Users/taylorbrook/JUCE/modules/juce_core/juce_core_CompilationTime.cpp.o
[7/52] Building CXX object plugins/OuariconTremolo/CMakeFiles/OuariconTremolo.dir/Users/taylorbrook/JUCE/modules/juce_audio_processors/juce_audio_processors_ara.cpp.o
[8/52] Building C object plugins/OuariconTremolo/CMakeFiles/OuariconTremolo.dir/Users/taylorbrook/JUCE/modules/juce_graphics/juce_graphics_Sheenbidi.c.o
[9/52] Building CXX object plugins/OuariconTremolo/CMakeFiles/OuariconTremolo_vst3_helper.dir/Users/taylorbrook/JUCE/modules/juce_audio_plugin_client/VST3/juce_VST3ManifestHelper.mm.o
[10/52] Building CXX object plugins/OuariconTremolo/CMakeFiles/OuariconTremolo.dir/Users/taylorbrook/JUCE/modules/juce_data_structures/juce_data_structures.mm.o
[11/52] Linking CXX executable plugins/OuariconTremolo/OuariconTremolo_vst3_helper
[12/52] Building CXX object plugins/OuariconTremolo/CMakeFiles/OuariconTremolo.dir/Source/PluginProcessor.cpp.o
[13/52] Building CXX object plugins/OuariconTremolo/CMakeFiles/OuariconTremolo.dir/Source/PluginEditor.cpp.o
[14/52] Building CXX object plugins/OuariconTremolo/CMakeFiles/OuariconTremolo.dir/Users/taylorbrook/JUCE/modules/juce_events/juce_events.mm.o
[15/52] Building CXX object plugins/OuariconTremolo/CMakeFiles/OuariconTremolo.dir/Users/taylorbrook/JUCE/modules/juce_audio_devices/juce_audio_devices.mm.o
[16/52] Building CXX object plugins/OuariconTremolo/CMakeFiles/OuariconTremolo.dir/Users/taylorbrook/JUCE/modules/juce_audio_basics/juce_audio_basics.mm.o
[17/52] Building CXX object plugins/OuariconTremolo/CMakeFiles/OuariconTremolo.dir/Users/taylorbrook/JUCE/modules/juce_audio_utils/juce_audio_utils.mm.o
[18/52] Building CXX object plugins/OuariconTremolo/CMakeFiles/OuariconTremolo.dir/Users/taylorbrook/JUCE/modules/juce_gui_extra/juce_gui_extra.mm.o
[19/52] Building CXX object plugins/OuariconTremolo/CMakeFiles/OuariconTremolo.dir/Users/taylorbrook/JUCE/modules/juce_audio_formats/juce_audio_formats.mm.o
[20/52] Building CXX object plugins/OuariconTremolo/CMakeFiles/OuariconTremolo.dir/Users/taylorbrook/JUCE/modules/juce_audio_processors/juce_audio_processors.mm.o
[21/52] Building CXX object plugins/OuariconTremolo/CMakeFiles/OuariconTremolo.dir/Users/taylorbrook/JUCE/modules/juce_core/juce_core.mm.o
[22/52] Building CXX object plugins/OuariconTremolo/CMakeFiles/OuariconTremolo.dir/Users/taylorbrook/JUCE/modules/juce_graphics/juce_graphics.mm.o
[23/52] Building CXX object plugins/OuariconTremolo/CMakeFiles/OuariconTremolo.dir/Users/taylorbrook/JUCE/modules/juce_graphics/juce_graphics_Harfbuzz.cpp.o
[24/52] Building CXX object plugins/OuariconTremolo/CMakeFiles/OuariconTremolo.dir/Users/taylorbrook/JUCE/modules/juce_gui_basics/juce_gui_basics.mm.o
In file included from /Users/taylorbrook/JUCE/modules/juce_gui_basics/juce_gui_basics.mm:35:
In file included from /Users/taylorbrook/JUCE/modules/juce_gui_basics/juce_gui_basics.cpp:189:
/Users/taylorbrook/JUCE/modules/juce_gui_basics/native/juce_NSViewComponentPeer_mac.mm:1923:17: warning: enumeration value 'NSEventTypeMouseCancelled' not explicitly handled in switch [-Wswitch-enum]
 1923 |         switch ([e type])
      |                 ^~~~~~~~
/Users/taylorbrook/JUCE/modules/juce_gui_basics/native/juce_NSViewComponentPeer_mac.mm:1923:17: note: add missing switch cases
 1923 |         switch ([e type])
      |                 ^
1 warning generated.
[25/52] Linking CXX static library "plugins/OuariconTremolo/OuariconTremolo_artefacts/Release/libOuaricon Tremolo_SharedCode.a"
[26/52] Building CXX object plugins/OuariconTremolo/CMakeFiles/OuariconTremolo_AU.dir/Users/taylorbrook/JUCE/modules/juce_audio_plugin_client/juce_audio_plugin_client_Standalone.cpp.o
[27/52] Building CXX object plugins/OuariconTremolo/CMakeFiles/OuariconTremolo_AU.dir/Users/taylorbrook/JUCE/modules/juce_audio_plugin_client/juce_audio_plugin_client_Unity.cpp.o
[28/52] Building CXX object plugins/OuariconTremolo/CMakeFiles/OuariconTremolo_AU.dir/Users/taylorbrook/JUCE/modules/juce_audio_plugin_client/juce_audio_plugin_client_LV2.mm.o
[29/52] Building CXX object plugins/OuariconTremolo/CMakeFiles/OuariconTremolo_AU.dir/Users/taylorbrook/JUCE/modules/juce_audio_plugin_client/juce_audio_plugin_client_VST3.mm.o
[30/52] Building CXX object plugins/OuariconTremolo/CMakeFiles/OuariconTremolo_AU.dir/Users/taylorbrook/JUCE/modules/juce_audio_plugin_client/juce_audio_plugin_client_AAX.mm.o
[31/52] Building CXX object plugins/OuariconTremolo/CMakeFiles/OuariconTremolo_AU.dir/Users/taylorbrook/JUCE/modules/juce_audio_plugin_client/juce_audio_plugin_client_VST2.mm.o
[32/52] Building CXX object plugins/OuariconTremolo/CMakeFiles/OuariconTremolo_VST3.dir/Users/taylorbrook/JUCE/modules/juce_audio_plugin_client/juce_audio_plugin_client_AAX.mm.o
[33/52] Building CXX object plugins/OuariconTremolo/CMakeFiles/OuariconTremolo_AU.dir/Users/taylorbrook/JUCE/modules/juce_audio_plugin_client/juce_audio_plugin_client_AAX_utils.cpp.o
[34/52] Building CXX object plugins/OuariconTremolo/CMakeFiles/OuariconTremolo_AU.dir/Users/taylorbrook/JUCE/modules/juce_audio_plugin_client/juce_audio_plugin_client_ARA.cpp.o
[35/52] Building CXX object plugins/OuariconTremolo/CMakeFiles/OuariconTremolo_VST3.dir/Users/taylorbrook/JUCE/modules/juce_audio_plugin_client/juce_audio_plugin_client_Standalone.cpp.o
[36/52] Building CXX object plugins/OuariconTremolo/CMakeFiles/OuariconTremolo_AU.dir/Users/taylorbrook/JUCE/modules/juce_audio_plugin_client/juce_audio_plugin_client_AUv3.mm.o
[37/52] Building CXX object plugins/OuariconTremolo/CMakeFiles/OuariconTremolo_VST3.dir/Users/taylorbrook/JUCE/modules/juce_audio_plugin_client/juce_audio_plugin_client_ARA.cpp.o
[38/52] Building CXX object plugins/OuariconTremolo/CMakeFiles/OuariconTremolo_VST3.dir/Users/taylorbrook/JUCE/modules/juce_audio_plugin_client/juce_audio_plugin_client_AU_1.mm.o
[39/52] Building CXX object plugins/OuariconTremolo/CMakeFiles/OuariconTremolo_VST3.dir/Users/taylorbrook/JUCE/modules/juce_audio_plugin_client/juce_audio_plugin_client_AAX_utils.cpp.o
[40/52] Building CXX object plugins/OuariconTremolo/CMakeFiles/OuariconTremolo_VST3.dir/Users/taylorbrook/JUCE/modules/juce_audio_plugin_client/juce_audio_plugin_client_Unity.cpp.o
[41/52] Building CXX object plugins/OuariconTremolo/CMakeFiles/OuariconTremolo_VST3.dir/Users/taylorbrook/JUCE/modules/juce_audio_plugin_client/juce_audio_plugin_client_AU_2.mm.o
[42/52] Building CXX object plugins/OuariconTremolo/CMakeFiles/OuariconTremolo_VST3.dir/Users/taylorbrook/JUCE/modules/juce_audio_plugin_client/juce_audio_plugin_client_LV2.mm.o
[43/52] Building CXX object plugins/OuariconTremolo/CMakeFiles/OuariconTremolo_VST3.dir/Users/taylorbrook/JUCE/modules/juce_audio_plugin_client/juce_audio_plugin_client_VST2.mm.o
[44/52] Building CXX object plugins/OuariconTremolo/CMakeFiles/OuariconTremolo_VST3.dir/Users/taylorbrook/JUCE/modules/juce_audio_plugin_client/juce_audio_plugin_client_AUv3.mm.o
[45/52] Building CXX object plugins/OuariconTremolo/CMakeFiles/OuariconTremolo_AU.dir/Users/taylorbrook/JUCE/modules/juce_audio_plugin_client/juce_audio_plugin_client_AU_2.mm.o
[46/52] Building CXX object plugins/OuariconTremolo/CMakeFiles/OuariconTremolo_AU.dir/Users/taylorbrook/JUCE/modules/juce_audio_plugin_client/juce_audio_plugin_client_AU_1.mm.o
[47/52] Building CXX object plugins/OuariconTremolo/CMakeFiles/OuariconTremolo_VST3.dir/Users/taylorbrook/JUCE/modules/juce_audio_plugin_client/juce_audio_plugin_client_VST3.mm.o
[48/52] Linking CXX CFBundle shared module "plugins/OuariconTremolo/OuariconTremolo_artefacts/Release/AU/Ouaricon Tremolo.component/Contents/MacOS/Ouaricon Tremolo"
[49/52] Linking CXX CFBundle shared module "plugins/OuariconTremolo/OuariconTremolo_artefacts/Release/VST3/Ouaricon Tremolo.vst3/Contents/MacOS/Ouaricon Tremolo"
/Users/taylorbrook/Dev/VST-development/build/plugins/OuariconTremolo/OuariconTremolo_artefacts/Release/VST3/Ouaricon Tremolo.vst3: code has no resources but signature indicates they must be present
-- Replacing invalid signature with ad-hoc signature
/Users/taylorbrook/Dev/VST-development/build/plugins/OuariconTremolo/OuariconTremolo_artefacts/Release/VST3/Ouaricon Tremolo.vst3: replacing existing signature
removing moduleinfo.json
creating /Users/taylorbrook/Dev/VST-development/build/plugins/OuariconTremolo/OuariconTremolo_artefacts/Release/VST3/Ouaricon Tremolo.vst3
Build: SUCCESS

Build completed at Tue  6 Jan 2026 17:51:16 PST
Duration: 29s
