Build started at Tue  6 Jan 2026 23:25:25 PST
Plugin: OuariconTremolo
Flags: DRY_RUN=false NO_INSTALL=false VERBOSE=false RECONFIGURE=false
---
Phase 1: Pre-flight Validation
Pre-flight validation: PASS
Phase 2: Parallel Build
$ cmake --build build --config Release --target OuariconTremolo_VST3 --target OuariconTremolo_AU --parallel
[0/2] Re-checking globbed directories...
[1/2] Re-running CMake...
-- Configuring juceaide
-- Building juceaide
-- Exporting juceaide
-- Testing juceaide
-- Finished setting up juceaide
CMake Warning at /Users/taylorbrook/JUCE/extras/Build/CMake/JUCEUtils.cmake:1721 (message):
  Target OuariconTremolo has JUCE_BUNDLE_ID 'com.Ouaricon
  Audio.OuariconTremolo', which contains spaces.  Use the BUNDLE_ID option to
  specify a valid ID.
Call Stack (most recent call first):
  /Users/taylorbrook/JUCE/extras/Build/CMake/JUCEUtils.cmake:2107 (_juce_set_fallback_properties)
  /Users/taylorbrook/JUCE/extras/Build/CMake/JUCEUtils.cmake:2190 (_juce_initialise_target)
  plugins/OuariconTremolo/CMakeLists.txt:4 (juce_add_plugin)


-- Configuring done (0.6s)
-- Generating done (0.0s)
-- Build files have been written to: /Users/taylorbrook/Dev/VST-development/build
[0/4] Re-checking globbed directories...
[1/49] Generating OuariconTremolo_artefacts/JuceLibraryCode/JuceHeader.h
[2/49] Building CXX object plugins/OuariconTremolo/CMakeFiles/OuariconTremolo.dir/Users/taylorbrook/JUCE/modules/juce_audio_processors/juce_audio_processors_ara.cpp.o
[3/49] Building CXX object plugins/OuariconTremolo/CMakeFiles/OuariconTremolo.dir/Users/taylorbrook/JUCE/modules/juce_audio_processors/juce_audio_processors_lv2_libs.cpp.o
[4/49] Building CXX object plugins/OuariconTremolo/CMakeFiles/OuariconTremolo.dir/Users/taylorbrook/JUCE/modules/juce_core/juce_core_CompilationTime.cpp.o
[5/49] Building C object plugins/OuariconTremolo/CMakeFiles/OuariconTremolo.dir/Users/taylorbrook/JUCE/modules/juce_graphics/juce_graphics_Sheenbidi.c.o
[6/49] Building CXX object plugins/OuariconTremolo/CMakeFiles/OuariconTremolo.dir/Users/taylorbrook/JUCE/modules/juce_data_structures/juce_data_structures.mm.o
[7/49] Building CXX object plugins/OuariconTremolo/CMakeFiles/OuariconTremolo.dir/Source/PluginProcessor.cpp.o
[8/49] Building CXX object plugins/OuariconTremolo/CMakeFiles/OuariconTremolo.dir/Source/PluginEditor.cpp.o
[9/49] Building CXX object plugins/OuariconTremolo/CMakeFiles/OuariconTremolo_vst3_helper.dir/Users/taylorbrook/JUCE/modules/juce_audio_plugin_client/VST3/juce_VST3ManifestHelper.mm.o
[10/49] Linking CXX executable plugins/OuariconTremolo/OuariconTremolo_vst3_helper
[11/49] Building CXX object plugins/OuariconTremolo/CMakeFiles/OuariconTremolo.dir/Users/taylorbrook/JUCE/modules/juce_events/juce_events.mm.o
[12/49] Building CXX object plugins/OuariconTremolo/CMakeFiles/OuariconTremolo.dir/Users/taylorbrook/JUCE/modules/juce_audio_devices/juce_audio_devices.mm.o
[13/49] Building CXX object plugins/OuariconTremolo/CMakeFiles/OuariconTremolo.dir/Users/taylorbrook/JUCE/modules/juce_audio_basics/juce_audio_basics.mm.o
[14/49] Building CXX object plugins/OuariconTremolo/CMakeFiles/OuariconTremolo.dir/Users/taylorbrook/JUCE/modules/juce_audio_utils/juce_audio_utils.mm.o
[15/49] Building CXX object plugins/OuariconTremolo/CMakeFiles/OuariconTremolo.dir/Users/taylorbrook/JUCE/modules/juce_gui_extra/juce_gui_extra.mm.o
[16/49] Building CXX object plugins/OuariconTremolo/CMakeFiles/OuariconTremolo.dir/Users/taylorbrook/JUCE/modules/juce_audio_processors/juce_audio_processors.mm.o
[17/49] Building CXX object plugins/OuariconTremolo/CMakeFiles/OuariconTremolo.dir/Users/taylorbrook/JUCE/modules/juce_audio_formats/juce_audio_formats.mm.o
[18/49] Building CXX object plugins/OuariconTremolo/CMakeFiles/OuariconTremolo.dir/Users/taylorbrook/JUCE/modules/juce_core/juce_core.mm.o
[19/49] Building CXX object plugins/OuariconTremolo/CMakeFiles/OuariconTremolo.dir/Users/taylorbrook/JUCE/modules/juce_graphics/juce_graphics.mm.o
[20/49] Building CXX object plugins/OuariconTremolo/CMakeFiles/OuariconTremolo.dir/Users/taylorbrook/JUCE/modules/juce_graphics/juce_graphics_Harfbuzz.cpp.o
[21/49] Building CXX object plugins/OuariconTremolo/CMakeFiles/OuariconTremolo.dir/Users/taylorbrook/JUCE/modules/juce_gui_basics/juce_gui_basics.mm.o
In file included from /Users/taylorbrook/JUCE/modules/juce_gui_basics/juce_gui_basics.mm:35:
In file included from /Users/taylorbrook/JUCE/modules/juce_gui_basics/juce_gui_basics.cpp:189:
/Users/taylorbrook/JUCE/modules/juce_gui_basics/native/juce_NSViewComponentPeer_mac.mm:1923:17: warning: enumeration value 'NSEventTypeMouseCancelled' not explicitly handled in switch [-Wswitch-enum]
 1923 |         switch ([e type])
      |                 ^~~~~~~~
/Users/taylorbrook/JUCE/modules/juce_gui_basics/native/juce_NSViewComponentPeer_mac.mm:1923:17: note: add missing switch cases
 1923 |         switch ([e type])
      |                 ^
1 warning generated.
[22/49] Linking CXX static library "plugins/OuariconTremolo/OuariconTremolo_artefacts/Release/libOuaricon Tremolo_SharedCode.a"
[23/49] Building CXX object plugins/OuariconTremolo/CMakeFiles/OuariconTremolo_AU.dir/Users/taylorbrook/JUCE/modules/juce_audio_plugin_client/juce_audio_plugin_client_ARA.cpp.o
[24/49] Building CXX object plugins/OuariconTremolo/CMakeFiles/OuariconTremolo_VST3.dir/Users/taylorbrook/JUCE/modules/juce_audio_plugin_client/juce_audio_plugin_client_AAX_utils.cpp.o
[25/49] Building CXX object plugins/OuariconTremolo/CMakeFiles/OuariconTremolo_VST3.dir/Users/taylorbrook/JUCE/modules/juce_audio_plugin_client/juce_audio_plugin_client_Unity.cpp.o
[26/49] Building CXX object plugins/OuariconTremolo/CMakeFiles/OuariconTremolo_AU.dir/Users/taylorbrook/JUCE/modules/juce_audio_plugin_client/juce_audio_plugin_client_Standalone.cpp.o
[27/49] Building CXX object plugins/OuariconTremolo/CMakeFiles/OuariconTremolo_AU.dir/Users/taylorbrook/JUCE/modules/juce_audio_plugin_client/juce_audio_plugin_client_Unity.cpp.o
[28/49] Building CXX object plugins/OuariconTremolo/CMakeFiles/OuariconTremolo_AU.dir/Users/taylorbrook/JUCE/modules/juce_audio_plugin_client/juce_audio_plugin_client_LV2.mm.o
[29/49] Building CXX object plugins/OuariconTremolo/CMakeFiles/OuariconTremolo_AU.dir/Users/taylorbrook/JUCE/modules/juce_audio_plugin_client/juce_audio_plugin_client_AUv3.mm.o
[30/49] Building CXX object plugins/OuariconTremolo/CMakeFiles/OuariconTremolo_VST3.dir/Users/taylorbrook/JUCE/modules/juce_audio_plugin_client/juce_audio_plugin_client_AAX.mm.o
[31/49] Building CXX object plugins/OuariconTremolo/CMakeFiles/OuariconTremolo_AU.dir/Users/taylorbrook/JUCE/modules/juce_audio_plugin_client/juce_audio_plugin_client_AAX_utils.cpp.o
[32/49] Building CXX object plugins/OuariconTremolo/CMakeFiles/OuariconTremolo_AU.dir/Users/taylorbrook/JUCE/modules/juce_audio_plugin_client/juce_audio_plugin_client_AAX.mm.o
[33/49] Building CXX object plugins/OuariconTremolo/CMakeFiles/OuariconTremolo_VST3.dir/Users/taylorbrook/JUCE/modules/juce_audio_plugin_client/juce_audio_plugin_client_ARA.cpp.o
[34/49] Building CXX object plugins/OuariconTremolo/CMakeFiles/OuariconTremolo_VST3.dir/Users/taylorbrook/JUCE/modules/juce_audio_plugin_client/juce_audio_plugin_client_AU_1.mm.o
[35/49] Building CXX object plugins/OuariconTremolo/CMakeFiles/OuariconTremolo_VST3.dir/Users/taylorbrook/JUCE/modules/juce_audio_plugin_client/juce_audio_plugin_client_Standalone.cpp.o
[36/49] Building CXX object plugins/OuariconTremolo/CMakeFiles/OuariconTremolo_VST3.dir/Users/taylorbrook/JUCE/modules/juce_audio_plugin_client/juce_audio_plugin_client_AU_2.mm.o
[37/49] Building CXX object plugins/OuariconTremolo/CMakeFiles/OuariconTremolo_AU.dir/Users/taylorbrook/JUCE/modules/juce_audio_plugin_client/juce_audio_plugin_client_VST3.mm.o
[38/49] Building CXX object plugins/OuariconTremolo/CMakeFiles/OuariconTremolo_AU.dir/Users/taylorbrook/JUCE/modules/juce_audio_plugin_client/juce_audio_plugin_client_VST2.mm.o
[39/49] Building CXX object plugins/OuariconTremolo/CMakeFiles/OuariconTremolo_VST3.dir/Users/taylorbrook/JUCE/modules/juce_audio_plugin_client/juce_audio_plugin_client_LV2.mm.o
[40/49] Building CXX object plugins/OuariconTremolo/CMakeFiles/OuariconTremolo_VST3.dir/Users/taylorbrook/JUCE/modules/juce_audio_plugin_client/juce_audio_plugin_client_AUv3.mm.o
[41/49] Building CXX object plugins/OuariconTremolo/CMakeFiles/OuariconTremolo_VST3.dir/Users/taylorbrook/JUCE/modules/juce_audio_plugin_client/juce_audio_plugin_client_VST2.mm.o
[42/49] Building CXX object plugins/OuariconTremolo/CMakeFiles/OuariconTremolo_AU.dir/Users/taylorbrook/JUCE/modules/juce_audio_plugin_client/juce_audio_plugin_client_AU_2.mm.o
[43/49] Building CXX object plugins/OuariconTremolo/CMakeFiles/OuariconTremolo_AU.dir/Users/taylorbrook/JUCE/modules/juce_audio_plugin_client/juce_audio_plugin_client_AU_1.mm.o
[44/49] Building CXX object plugins/OuariconTremolo/CMakeFiles/OuariconTremolo_VST3.dir/Users/taylorbrook/JUCE/modules/juce_audio_plugin_client/juce_audio_plugin_client_VST3.mm.o
[45/49] Linking CXX CFBundle shared module "plugins/OuariconTremolo/OuariconTremolo_artefacts/Release/AU/Ouaricon Tremolo.component/Contents/MacOS/Ouaricon Tremolo"
[46/49] Linking CXX CFBundle shared module "plugins/OuariconTremolo/OuariconTremolo_artefacts/Release/VST3/Ouaricon Tremolo.vst3/Contents/MacOS/Ouaricon Tremolo"
/Users/taylorbrook/Dev/VST-development/build/plugins/OuariconTremolo/OuariconTremolo_artefacts/Release/VST3/Ouaricon Tremolo.vst3: code has no resources but signature indicates they must be present
-- Replacing invalid signature with ad-hoc signature
/Users/taylorbrook/Dev/VST-development/build/plugins/OuariconTremolo/OuariconTremolo_artefacts/Release/VST3/Ouaricon Tremolo.vst3: replacing existing signature
removing moduleinfo.json
creating /Users/taylorbrook/Dev/VST-development/build/plugins/OuariconTremolo/OuariconTremolo_artefacts/Release/VST3/Ouaricon Tremolo.vst3
Build: SUCCESS
Phase 3: Extract PRODUCT_NAME
PRODUCT_NAME: Ouaricon Tremolo
Phase 4: Remove Old Versions
