Build started at Mon 12 Jan 2026 14:53:23 PST
Plugin: Ouaricon Digital Delay
Flags: DRY_RUN=false NO_INSTALL=false VERBOSE=false RECONFIGURE=false
---
Phase 1: Pre-flight Validation
Pre-flight validation: PASS
Phase 2: Parallel Build
$ cmake --build build --config Release --target Ouaricon Digital Delay_VST3 --target Ouaricon Digital Delay_AU --parallel
[0/2] Re-checking globbed directories...
[1/2] Re-running CMake...
-- Configuring juceaide
-- Building juceaide
-- Exporting juceaide
-- Testing juceaide
-- Finished setting up juceaide
CMake Warning at /Users/taylorbrook/JUCE/extras/Build/CMake/JUCEUtils.cmake:1721 (message):
  Target OuariconDigitalDelay has JUCE_BUNDLE_ID 'com.Ouaricon
  Audio.OuariconDigitalDelay', which contains spaces.  Use the BUNDLE_ID
  option to specify a valid ID.
Call Stack (most recent call first):
  /Users/taylorbrook/JUCE/extras/Build/CMake/JUCEUtils.cmake:2107 (_juce_set_fallback_properties)
  /Users/taylorbrook/JUCE/extras/Build/CMake/JUCEUtils.cmake:2190 (_juce_initialise_target)
  plugins/Ouaricon Digital Delay/CMakeLists.txt:4 (juce_add_plugin)


CMake Warning at /Users/taylorbrook/JUCE/extras/Build/CMake/JUCEUtils.cmake:1721 (message):
  Target OuariconAnalogEQ has JUCE_BUNDLE_ID 'com.Ouaricon
  Audio.OuariconAnalogEQ', which contains spaces.  Use the BUNDLE_ID option
  to specify a valid ID.
Call Stack (most recent call first):
  /Users/taylorbrook/JUCE/extras/Build/CMake/JUCEUtils.cmake:2107 (_juce_set_fallback_properties)
  /Users/taylorbrook/JUCE/extras/Build/CMake/JUCEUtils.cmake:2190 (_juce_initialise_target)
  plugins/OuariconAnalogEQ/CMakeLists.txt:4 (juce_add_plugin)


CMake Warning at /Users/taylorbrook/JUCE/extras/Build/CMake/JUCEUtils.cmake:1721 (message):
  Target OuariconComp has JUCE_BUNDLE_ID 'com.Ouaricon Audio.OuariconComp',
  which contains spaces.  Use the BUNDLE_ID option to specify a valid ID.
Call Stack (most recent call first):
  /Users/taylorbrook/JUCE/extras/Build/CMake/JUCEUtils.cmake:2107 (_juce_set_fallback_properties)
  /Users/taylorbrook/JUCE/extras/Build/CMake/JUCEUtils.cmake:2190 (_juce_initialise_target)
  plugins/OuariconComp/CMakeLists.txt:4 (juce_add_plugin)


CMake Warning at /Users/taylorbrook/JUCE/extras/Build/CMake/JUCEUtils.cmake:1721 (message):
  Target OuariconMarimba has JUCE_BUNDLE_ID 'com.Ouaricon
  Audio.OuariconMarimba', which contains spaces.  Use the BUNDLE_ID option to
  specify a valid ID.
Call Stack (most recent call first):
  /Users/taylorbrook/JUCE/extras/Build/CMake/JUCEUtils.cmake:2107 (_juce_set_fallback_properties)
  /Users/taylorbrook/JUCE/extras/Build/CMake/JUCEUtils.cmake:2190 (_juce_initialise_target)
  plugins/OuariconMarimba/CMakeLists.txt:4 (juce_add_plugin)


CMake Warning at /Users/taylorbrook/JUCE/extras/Build/CMake/JUCEUtils.cmake:1721 (message):
  Target OuariconSaturationModeling has JUCE_BUNDLE_ID 'com.Ouaricon
  Audio.OuariconSaturationModeling', which contains spaces.  Use the
  BUNDLE_ID option to specify a valid ID.
Call Stack (most recent call first):
  /Users/taylorbrook/JUCE/extras/Build/CMake/JUCEUtils.cmake:2107 (_juce_set_fallback_properties)
  /Users/taylorbrook/JUCE/extras/Build/CMake/JUCEUtils.cmake:2190 (_juce_initialise_target)
  plugins/OuariconSaturationModeling/CMakeLists.txt:4 (juce_add_plugin)


CMake Warning at /Users/taylorbrook/JUCE/extras/Build/CMake/JUCEUtils.cmake:1721 (message):
  Target OuariconTremolo has JUCE_BUNDLE_ID 'com.Ouaricon
  Audio.OuariconTremolo', which contains spaces.  Use the BUNDLE_ID option to
  specify a valid ID.
Call Stack (most recent call first):
  /Users/taylorbrook/JUCE/extras/Build/CMake/JUCEUtils.cmake:2107 (_juce_set_fallback_properties)
  /Users/taylorbrook/JUCE/extras/Build/CMake/JUCEUtils.cmake:2190 (_juce_initialise_target)
  plugins/OuariconTremolo/CMakeLists.txt:4 (juce_add_plugin)


-- Configuring done (2.1s)
-- Generating done (0.0s)
-- Build files have been written to: /Users/taylorbrook/Dev/VST-development/build
[0/4] Re-checking globbed directories...
ninja: error: unknown target 'Ouaricon'
ERROR: Build failed
