Build started at Thu 15 Jan 2026 15:41:37 PST
Plugin: OuariconPolystutter
Flags: DRY_RUN=false NO_INSTALL=false VERBOSE=false RECONFIGURE=false
---
Phase 1: Pre-flight Validation
Pre-flight validation: PASS
Phase 2: Parallel Build
$ cmake --build build --config Release --target OuariconPolystutter_VST3 --target OuariconPolystutter_AU --parallel
[0/2] Re-checking globbed directories...
[1/2] Re-running CMake...
-- Configuring juceaide
-- Building juceaide
-- Exporting juceaide
-- Testing juceaide
-- Finished setting up juceaide
CMake Warning at /Users/taylorbrook/JUCE/extras/Build/CMake/JUCEUtils.cmake:1721 (message):
  Target OuariconDigitalDelay has JUCE_BUNDLE_ID 'com.Ouaricon
  Audio.OuariconDigitalDelay', which contains spaces.  Use the BUNDLE_ID
  option to specify a valid ID.
Call Stack (most recent call first):
  /Users/taylorbrook/JUCE/extras/Build/CMake/JUCEUtils.cmake:2107 (_juce_set_fallback_properties)
  /Users/taylorbrook/JUCE/extras/Build/CMake/JUCEUtils.cmake:2190 (_juce_initialise_target)
  plugins/Ouaricon Digital Delay/CMakeLists.txt:4 (juce_add_plugin)


CMake Warning at /Users/taylorbrook/JUCE/extras/Build/CMake/JUCEUtils.cmake:1721 (message):
  Target OuariconAnalogEQ has JUCE_BUNDLE_ID 'com.Ouaricon
  Audio.OuariconAnalogEQ', which contains spaces.  Use the BUNDLE_ID option
  to specify a valid ID.
Call Stack (most recent call first):
  /Users/taylorbrook/JUCE/extras/Build/CMake/JUCEUtils.cmake:2107 (_juce_set_fallback_properties)
  /Users/taylorbrook/JUCE/extras/Build/CMake/JUCEUtils.cmake:2190 (_juce_initialise_target)
  plugins/OuariconAnalogEQ/CMakeLists.txt:4 (juce_add_plugin)


CMake Warning at /Users/taylorbrook/JUCE/extras/Build/CMake/JUCEUtils.cmake:1721 (message):
  Target OuariconComp has JUCE_BUNDLE_ID 'com.Ouaricon Audio.OuariconComp',
  which contains spaces.  Use the BUNDLE_ID option to specify a valid ID.
Call Stack (most recent call first):
  /Users/taylorbrook/JUCE/extras/Build/CMake/JUCEUtils.cmake:2107 (_juce_set_fallback_properties)
  /Users/taylorbrook/JUCE/extras/Build/CMake/JUCEUtils.cmake:2190 (_juce_initialise_target)
  plugins/OuariconComp/CMakeLists.txt:4 (juce_add_plugin)


CMake Warning at /Users/taylorbrook/JUCE/extras/Build/CMake/JUCEUtils.cmake:1721 (message):
  Target OuariconMarimba has JUCE_BUNDLE_ID 'com.Ouaricon
  Audio.OuariconMarimba', which contains spaces.  Use the BUNDLE_ID option to
  specify a valid ID.
Call Stack (most recent call first):
  /Users/taylorbrook/JUCE/extras/Build/CMake/JUCEUtils.cmake:2107 (_juce_set_fallback_properties)
  /Users/taylorbrook/JUCE/extras/Build/CMake/JUCEUtils.cmake:2190 (_juce_initialise_target)
  plugins/OuariconMarimba/CMakeLists.txt:4 (juce_add_plugin)


CMake Warning at /Users/taylorbrook/JUCE/extras/Build/CMake/JUCEUtils.cmake:1721 (message):
  Target OuariconPolystutter has JUCE_BUNDLE_ID 'com.Ouaricon
  Audio.OuariconPolystutter', which contains spaces.  Use the BUNDLE_ID
  option to specify a valid ID.
Call Stack (most recent call first):
  /Users/taylorbrook/JUCE/extras/Build/CMake/JUCEUtils.cmake:2107 (_juce_set_fallback_properties)
  /Users/taylorbrook/JUCE/extras/Build/CMake/JUCEUtils.cmake:2190 (_juce_initialise_target)
  plugins/OuariconPolystutter/CMakeLists.txt:4 (juce_add_plugin)


CMake Warning at /Users/taylorbrook/JUCE/extras/Build/CMake/JUCEUtils.cmake:1721 (message):
  Target OuariconSaturationModeling has JUCE_BUNDLE_ID 'com.Ouaricon
  Audio.OuariconSaturationModeling', which contains spaces.  Use the
  BUNDLE_ID option to specify a valid ID.
Call Stack (most recent call first):
  /Users/taylorbrook/JUCE/extras/Build/CMake/JUCEUtils.cmake:2107 (_juce_set_fallback_properties)
  /Users/taylorbrook/JUCE/extras/Build/CMake/JUCEUtils.cmake:2190 (_juce_initialise_target)
  plugins/OuariconSaturationModeling/CMakeLists.txt:4 (juce_add_plugin)


CMake Warning at /Users/taylorbrook/JUCE/extras/Build/CMake/JUCEUtils.cmake:1721 (message):
  Target OuariconSimpleReverb has JUCE_BUNDLE_ID 'com.Ouaricon
  Audio.OuariconSimpleReverb', which contains spaces.  Use the BUNDLE_ID
  option to specify a valid ID.
Call Stack (most recent call first):
  /Users/taylorbrook/JUCE/extras/Build/CMake/JUCEUtils.cmake:2107 (_juce_set_fallback_properties)
  /Users/taylorbrook/JUCE/extras/Build/CMake/JUCEUtils.cmake:2190 (_juce_initialise_target)
  plugins/OuariconSimpleReverb/CMakeLists.txt:7 (juce_add_plugin)


-- [Ouaricon] Adding module 'preset-manager' from /Users/taylorbrook/Dev/VST-development/modules/persistence/preset-manager
-- [Ouaricon]   Added /Users/taylorbrook/Dev/VST-development/plugins/OuariconSimpleReverb C++ sources
-- [Ouaricon]   Copied preset-manager.js to ui/public/modules/
CMake Warning at /Users/taylorbrook/JUCE/extras/Build/CMake/JUCEUtils.cmake:1721 (message):
  Target OuariconTremolo has JUCE_BUNDLE_ID 'com.Ouaricon
  Audio.OuariconTremolo', which contains spaces.  Use the BUNDLE_ID option to
  specify a valid ID.
Call Stack (most recent call first):
  /Users/taylorbrook/JUCE/extras/Build/CMake/JUCEUtils.cmake:2107 (_juce_set_fallback_properties)
  /Users/taylorbrook/JUCE/extras/Build/CMake/JUCEUtils.cmake:2190 (_juce_initialise_target)
  plugins/OuariconTremolo/CMakeLists.txt:7 (juce_add_plugin)


-- [Ouaricon] Adding module 'preset-manager' from /Users/taylorbrook/Dev/VST-development/modules/persistence/preset-manager
-- [Ouaricon]   Added /Users/taylorbrook/Dev/VST-development/plugins/OuariconTremolo C++ sources
-- [Ouaricon]   Copied preset-manager.js to ui/public/modules/
-- Configuring done (2.9s)
-- Generating done (0.1s)
-- Build files have been written to: /Users/taylorbrook/Dev/VST-development/build
[0/4] Re-checking globbed directories...
[1/60] Generating juce_binarydata_OuariconPolystutter_UIResources/JuceLibraryCode/BinaryData1.cpp, juce_binarydata_OuariconPolystutter_UIResources/JuceLibraryCode/BinaryData2.cpp, juce_binarydata_OuariconPolystutter_UIResources/JuceLibraryCode/BinaryData3.cpp, juce_binarydata_OuariconPolystutter_UIResources/JuceLibraryCode/BinaryData4.cpp, juce_binarydata_OuariconPolystutter_UIResources/JuceLibraryCode/BinaryData5.cpp, juce_binarydata_OuariconPolystutter_UIResources/JuceLibraryCode/BinaryData.h
[2/60] Building CXX object plugins/OuariconPolystutter/CMakeFiles/OuariconPolystutter_UIResources.dir/juce_binarydata_OuariconPolystutter_UIResources/JuceLibraryCode/BinaryData2.cpp.o
[3/60] Building CXX object plugins/OuariconPolystutter/CMakeFiles/OuariconPolystutter_UIResources.dir/juce_binarydata_OuariconPolystutter_UIResources/JuceLibraryCode/BinaryData3.cpp.o
[4/60] Building CXX object plugins/OuariconPolystutter/CMakeFiles/OuariconPolystutter_UIResources.dir/juce_binarydata_OuariconPolystutter_UIResources/JuceLibraryCode/BinaryData1.cpp.o
[5/60] Building CXX object plugins/OuariconPolystutter/CMakeFiles/OuariconPolystutter_UIResources.dir/juce_binarydata_OuariconPolystutter_UIResources/JuceLibraryCode/BinaryData4.cpp.o
[6/60] Building CXX object plugins/OuariconPolystutter/CMakeFiles/OuariconPolystutter_UIResources.dir/juce_binarydata_OuariconPolystutter_UIResources/JuceLibraryCode/BinaryData5.cpp.o
[7/60] Linking CXX static library plugins/OuariconPolystutter/libOuariconPolystutter_UIResources.a
[8/60] Generating OuariconPolystutter_artefacts/JuceLibraryCode/JuceHeader.h
[9/60] Building CXX object plugins/OuariconPolystutter/CMakeFiles/OuariconPolystutter.dir/Users/taylorbrook/JUCE/modules/juce_core/juce_core_CompilationTime.cpp.o
[10/60] Building CXX object plugins/OuariconPolystutter/CMakeFiles/OuariconPolystutter.dir/Users/taylorbrook/JUCE/modules/juce_audio_processors/juce_audio_processors_lv2_libs.cpp.o
[11/60] Building CXX object plugins/OuariconPolystutter/CMakeFiles/OuariconPolystutter.dir/Users/taylorbrook/JUCE/modules/juce_audio_processors/juce_audio_processors_ara.cpp.o
[12/60] Building C object plugins/OuariconPolystutter/CMakeFiles/OuariconPolystutter.dir/Users/taylorbrook/JUCE/modules/juce_graphics/juce_graphics_Sheenbidi.c.o
[13/60] Building CXX object plugins/OuariconPolystutter/CMakeFiles/OuariconPolystutter_vst3_helper.dir/Users/taylorbrook/JUCE/modules/juce_audio_plugin_client/VST3/juce_VST3ManifestHelper.mm.o
[14/60] Building CXX object plugins/OuariconPolystutter/CMakeFiles/OuariconPolystutter.dir/Users/taylorbrook/JUCE/modules/juce_data_structures/juce_data_structures.mm.o
[15/60] Linking CXX executable plugins/OuariconPolystutter/OuariconPolystutter_vst3_helper
[16/60] Building CXX object plugins/OuariconPolystutter/CMakeFiles/OuariconPolystutter.dir/Source/DSP/TriggerRouter.cpp.o
[17/60] Building CXX object plugins/OuariconPolystutter/CMakeFiles/OuariconPolystutter.dir/Source/DSP/RepeatLane.cpp.o
[18/60] Building CXX object plugins/OuariconPolystutter/CMakeFiles/OuariconPolystutter.dir/Source/DSP/TapeDegrader.cpp.o
[19/60] Building CXX object plugins/OuariconPolystutter/CMakeFiles/OuariconPolystutter.dir/Source/PluginEditor.cpp.o
In file included from /Users/taylorbrook/Dev/VST-development/plugins/OuariconPolystutter/Source/PluginEditor.cpp:11:
/Users/taylorbrook/Dev/VST-development/plugins/OuariconPolystutter/Source/PluginEditor.h:25:40: warning: private field 'processorRef' is not used [-Wunused-private-field]
   25 |     OuariconPolystutterAudioProcessor& processorRef;
      |                                        ^
1 warning generated.
[20/60] Building CXX object plugins/OuariconPolystutter/CMakeFiles/OuariconPolystutter.dir/Source/PluginProcessor.cpp.o
[21/60] Building CXX object plugins/OuariconPolystutter/CMakeFiles/OuariconPolystutter.dir/Users/taylorbrook/JUCE/modules/juce_events/juce_events.mm.o
[22/60] Building CXX object plugins/OuariconPolystutter/CMakeFiles/OuariconPolystutter.dir/Users/taylorbrook/JUCE/modules/juce_audio_devices/juce_audio_devices.mm.o
[23/60] Building CXX object plugins/OuariconPolystutter/CMakeFiles/OuariconPolystutter.dir/Users/taylorbrook/JUCE/modules/juce_audio_basics/juce_audio_basics.mm.o
[24/60] Building CXX object plugins/OuariconPolystutter/CMakeFiles/OuariconPolystutter.dir/Users/taylorbrook/JUCE/modules/juce_audio_utils/juce_audio_utils.mm.o
[25/60] Building CXX object plugins/OuariconPolystutter/CMakeFiles/OuariconPolystutter.dir/Users/taylorbrook/JUCE/modules/juce_dsp/juce_dsp.mm.o
[26/60] Building CXX object plugins/OuariconPolystutter/CMakeFiles/OuariconPolystutter.dir/Users/taylorbrook/JUCE/modules/juce_gui_extra/juce_gui_extra.mm.o
[27/60] Building CXX object plugins/OuariconPolystutter/CMakeFiles/OuariconPolystutter.dir/Users/taylorbrook/JUCE/modules/juce_audio_formats/juce_audio_formats.mm.o
[28/60] Building CXX object plugins/OuariconPolystutter/CMakeFiles/OuariconPolystutter.dir/Users/taylorbrook/JUCE/modules/juce_audio_processors/juce_audio_processors.mm.o
[29/60] Building CXX object plugins/OuariconPolystutter/CMakeFiles/OuariconPolystutter.dir/Users/taylorbrook/JUCE/modules/juce_core/juce_core.mm.o
[30/60] Building CXX object plugins/OuariconPolystutter/CMakeFiles/OuariconPolystutter.dir/Users/taylorbrook/JUCE/modules/juce_graphics/juce_graphics.mm.o
[31/60] Building CXX object plugins/OuariconPolystutter/CMakeFiles/OuariconPolystutter.dir/Users/taylorbrook/JUCE/modules/juce_graphics/juce_graphics_Harfbuzz.cpp.o
[32/60] Building CXX object plugins/OuariconPolystutter/CMakeFiles/OuariconPolystutter.dir/Users/taylorbrook/JUCE/modules/juce_gui_basics/juce_gui_basics.mm.o
In file included from /Users/taylorbrook/JUCE/modules/juce_gui_basics/juce_gui_basics.mm:35:
In file included from /Users/taylorbrook/JUCE/modules/juce_gui_basics/juce_gui_basics.cpp:189:
/Users/taylorbrook/JUCE/modules/juce_gui_basics/native/juce_NSViewComponentPeer_mac.mm:1923:17: warning: enumeration value 'NSEventTypeMouseCancelled' not explicitly handled in switch [-Wswitch-enum]
 1923 |         switch ([e type])
      |                 ^~~~~~~~
/Users/taylorbrook/JUCE/modules/juce_gui_basics/native/juce_NSViewComponentPeer_mac.mm:1923:17: note: add missing switch cases
 1923 |         switch ([e type])
      |                 ^
1 warning generated.
[33/60] Linking CXX static library "plugins/OuariconPolystutter/OuariconPolystutter_artefacts/Release/libOuaricon Polystutter_SharedCode.a"
[34/60] Building CXX object plugins/OuariconPolystutter/CMakeFiles/OuariconPolystutter_AU.dir/Users/taylorbrook/JUCE/modules/juce_audio_plugin_client/juce_audio_plugin_client_ARA.cpp.o
[35/60] Building CXX object plugins/OuariconPolystutter/CMakeFiles/OuariconPolystutter_AU.dir/Users/taylorbrook/JUCE/modules/juce_audio_plugin_client/juce_audio_plugin_client_AAX.mm.o
[36/60] Building CXX object plugins/OuariconPolystutter/CMakeFiles/OuariconPolystutter_AU.dir/Users/taylorbrook/JUCE/modules/juce_audio_plugin_client/juce_audio_plugin_client_AUv3.mm.o
[37/60] Building CXX object plugins/OuariconPolystutter/CMakeFiles/OuariconPolystutter_AU.dir/Users/taylorbrook/JUCE/modules/juce_audio_plugin_client/juce_audio_plugin_client_AAX_utils.cpp.o
[38/60] Building CXX object plugins/OuariconPolystutter/CMakeFiles/OuariconPolystutter_VST3.dir/Users/taylorbrook/JUCE/modules/juce_audio_plugin_client/juce_audio_plugin_client_ARA.cpp.o
[39/60] Building CXX object plugins/OuariconPolystutter/CMakeFiles/OuariconPolystutter_VST3.dir/Users/taylorbrook/JUCE/modules/juce_audio_plugin_client/juce_audio_plugin_client_AU_1.mm.o
[40/60] Building CXX object plugins/OuariconPolystutter/CMakeFiles/OuariconPolystutter_VST3.dir/Users/taylorbrook/JUCE/modules/juce_audio_plugin_client/juce_audio_plugin_client_Standalone.cpp.o
[41/60] Building CXX object plugins/OuariconPolystutter/CMakeFiles/OuariconPolystutter_VST3.dir/Users/taylorbrook/JUCE/modules/juce_audio_plugin_client/juce_audio_plugin_client_AU_2.mm.o
[42/60] Building CXX object plugins/OuariconPolystutter/CMakeFiles/OuariconPolystutter_VST3.dir/Users/taylorbrook/JUCE/modules/juce_audio_plugin_client/juce_audio_plugin_client_AAX.mm.o
[43/60] Building CXX object plugins/OuariconPolystutter/CMakeFiles/OuariconPolystutter_AU.dir/Users/taylorbrook/JUCE/modules/juce_audio_plugin_client/juce_audio_plugin_client_VST3.mm.o
[44/60] Building CXX object plugins/OuariconPolystutter/CMakeFiles/OuariconPolystutter_AU.dir/Users/taylorbrook/JUCE/modules/juce_audio_plugin_client/juce_audio_plugin_client_LV2.mm.o
[45/60] Building CXX object plugins/OuariconPolystutter/CMakeFiles/OuariconPolystutter_AU.dir/Users/taylorbrook/JUCE/modules/juce_audio_plugin_client/juce_audio_plugin_client_VST2.mm.o
[46/60] Building CXX object plugins/OuariconPolystutter/CMakeFiles/OuariconPolystutter_AU.dir/Users/taylorbrook/JUCE/modules/juce_audio_plugin_client/juce_audio_plugin_client_Standalone.cpp.o
[47/60] Building CXX object plugins/OuariconPolystutter/CMakeFiles/OuariconPolystutter_VST3.dir/Users/taylorbrook/JUCE/modules/juce_audio_plugin_client/juce_audio_plugin_client_AAX_utils.cpp.o
[48/60] Building CXX object plugins/OuariconPolystutter/CMakeFiles/OuariconPolystutter_AU.dir/Users/taylorbrook/JUCE/modules/juce_audio_plugin_client/juce_audio_plugin_client_Unity.cpp.o
[49/60] Building CXX object plugins/OuariconPolystutter/CMakeFiles/OuariconPolystutter_VST3.dir/Users/taylorbrook/JUCE/modules/juce_audio_plugin_client/juce_audio_plugin_client_Unity.cpp.o
[50/60] Building CXX object plugins/OuariconPolystutter/CMakeFiles/OuariconPolystutter_VST3.dir/Users/taylorbrook/JUCE/modules/juce_audio_plugin_client/juce_audio_plugin_client_LV2.mm.o
[51/60] Building CXX object plugins/OuariconPolystutter/CMakeFiles/OuariconPolystutter_VST3.dir/Users/taylorbrook/JUCE/modules/juce_audio_plugin_client/juce_audio_plugin_client_AUv3.mm.o
[52/60] Building CXX object plugins/OuariconPolystutter/CMakeFiles/OuariconPolystutter_VST3.dir/Users/taylorbrook/JUCE/modules/juce_audio_plugin_client/juce_audio_plugin_client_VST2.mm.o
[53/60] Building CXX object plugins/OuariconPolystutter/CMakeFiles/OuariconPolystutter_AU.dir/Users/taylorbrook/JUCE/modules/juce_audio_plugin_client/juce_audio_plugin_client_AU_2.mm.o
[54/60] Building CXX object plugins/OuariconPolystutter/CMakeFiles/OuariconPolystutter_AU.dir/Users/taylorbrook/JUCE/modules/juce_audio_plugin_client/juce_audio_plugin_client_AU_1.mm.o
[55/60] Building CXX object plugins/OuariconPolystutter/CMakeFiles/OuariconPolystutter_VST3.dir/Users/taylorbrook/JUCE/modules/juce_audio_plugin_client/juce_audio_plugin_client_VST3.mm.o
[56/60] Linking CXX CFBundle shared module "plugins/OuariconPolystutter/OuariconPolystutter_artefacts/Release/AU/Ouaricon Polystutter.component/Contents/MacOS/Ouaricon Polystutter"
[57/60] Linking CXX CFBundle shared module "plugins/OuariconPolystutter/OuariconPolystutter_artefacts/Release/VST3/Ouaricon Polystutter.vst3/Contents/MacOS/Ouaricon Polystutter"
/Users/taylorbrook/Dev/VST-development/build/plugins/OuariconPolystutter/OuariconPolystutter_artefacts/Release/VST3/Ouaricon Polystutter.vst3: code has no resources but signature indicates they must be present
-- Replacing invalid signature with ad-hoc signature
/Users/taylorbrook/Dev/VST-development/build/plugins/OuariconPolystutter/OuariconPolystutter_artefacts/Release/VST3/Ouaricon Polystutter.vst3: replacing existing signature
removing moduleinfo.json
creating /Users/taylorbrook/Dev/VST-development/build/plugins/OuariconPolystutter/OuariconPolystutter_artefacts/Release/VST3/Ouaricon Polystutter.vst3
Build: SUCCESS
Phase 3: Extract PRODUCT_NAME
PRODUCT_NAME: Ouaricon Polystutter
Phase 4: Remove Old Versions
No old VST3 found
No old AU found
Phase 5: Install New Versions
Installed VST3: /Users/taylorbrook/Library/Audio/Plug-Ins/VST3/Ouaricon Polystutter.vst3
Installed AU: /Users/taylorbrook/Library/Audio/Plug-Ins/Components/Ouaricon Polystutter.component
Phase 6: Clear DAW Caches
Cleared Ableton plugin database
Cleared AU cache
Killed AudioComponentRegistrar
Phase 7: Verification

Verification: PASS
VST3: /Users/taylorbrook/Library/Audio/Plug-Ins/VST3/Ouaricon Polystutter.vst3 (4.8M, 1s old)
AU: /Users/taylorbrook/Library/Audio/Plug-Ins/Components/Ouaricon Polystutter.component (4.8M, 1s old)

Build completed at Thu 15 Jan 2026 15:42:09 PST
Duration: 32s
