Build started at Sat 10 Jan 2026 19:33:00 PST
Plugin: MicroMarimba
Flags: DRY_RUN=false NO_INSTALL=false VERBOSE=false RECONFIGURE=true
---
Phase 1: Pre-flight Validation
Pre-flight validation: PASS
Phase 2: Parallel Build
Removed build directory for reconfiguration
$ cmake -B build -G Ninja -DCMAKE_BUILD_TYPE=Release
-- The C compiler identification is AppleClang 17.0.0.17000404
-- The CXX compiler identification is AppleClang 17.0.0.17000404
-- Detecting C compiler ABI info
-- Detecting C compiler ABI info - done
-- Check for working C compiler: /usr/bin/cc - skipped
-- Detecting C compile features
-- Detecting C compile features - done
-- Detecting CXX compiler ABI info
-- Detecting CXX compiler ABI info - done
-- Check for working CXX compiler: /usr/bin/c++ - skipped
-- Detecting CXX compile features
-- Detecting CXX compile features - done
-- Configuring juceaide
-- Building juceaide
-- Exporting juceaide
-- Testing juceaide
-- Finished setting up juceaide
CMake Warning at /Users/taylorbrook/JUCE/extras/Build/CMake/JUCEUtils.cmake:1721 (message):
  Target MicroMarimba has JUCE_BUNDLE_ID 'com.Ouaricon Audio.MicroMarimba',
  which contains spaces.  Use the BUNDLE_ID option to specify a valid ID.
Call Stack (most recent call first):
  /Users/taylorbrook/JUCE/extras/Build/CMake/JUCEUtils.cmake:2107 (_juce_set_fallback_properties)
  /Users/taylorbrook/JUCE/extras/Build/CMake/JUCEUtils.cmake:2190 (_juce_initialise_target)
  plugins/MicroMarimba/CMakeLists.txt:4 (juce_add_plugin)


CMake Warning at /Users/taylorbrook/JUCE/extras/Build/CMake/JUCEUtils.cmake:1721 (message):
  Target OuariconSaturationModeling has JUCE_BUNDLE_ID 'com.Ouaricon
  Audio.OuariconSaturationModeling', which contains spaces.  Use the
  BUNDLE_ID option to specify a valid ID.
Call Stack (most recent call first):
  /Users/taylorbrook/JUCE/extras/Build/CMake/JUCEUtils.cmake:2107 (_juce_set_fallback_properties)
  /Users/taylorbrook/JUCE/extras/Build/CMake/JUCEUtils.cmake:2190 (_juce_initialise_target)
  plugins/OuariconSaturationModeling/CMakeLists.txt:4 (juce_add_plugin)


CMake Warning at /Users/taylorbrook/JUCE/extras/Build/CMake/JUCEUtils.cmake:1721 (message):
  Target OuariconTremolo has JUCE_BUNDLE_ID 'com.Ouaricon
  Audio.OuariconTremolo', which contains spaces.  Use the BUNDLE_ID option to
  specify a valid ID.
Call Stack (most recent call first):
  /Users/taylorbrook/JUCE/extras/Build/CMake/JUCEUtils.cmake:2107 (_juce_set_fallback_properties)
  /Users/taylorbrook/JUCE/extras/Build/CMake/JUCEUtils.cmake:2190 (_juce_initialise_target)
  plugins/OuariconTremolo/CMakeLists.txt:4 (juce_add_plugin)


-- Configuring done (7.2s)
-- Generating done (0.0s)
-- Build files have been written to: /Users/taylorbrook/Dev/VST-development/build
$ cmake --build build --config Release --target MicroMarimba_VST3 --target MicroMarimba_AU --parallel
[0/2] Re-checking globbed directories...
[1/60] Generating juce_binarydata_MicroMarimba_UIResources/JuceLibraryCode/BinaryData1.cpp, juce_binarydata_MicroMarimba_UIResources/JuceLibraryCode/BinaryData2.cpp, juce_binarydata_MicroMarimba_UIResources/JuceLibraryCode/BinaryData3.cpp, juce_binarydata_MicroMarimba_UIResources/JuceLibraryCode/BinaryData4.cpp, juce_binarydata_MicroMarimba_UIResources/JuceLibraryCode/BinaryData5.cpp, juce_binarydata_MicroMarimba_UIResources/JuceLibraryCode/BinaryData.h
[2/60] Building CXX object plugins/MicroMarimba/CMakeFiles/MicroMarimba_UIResources.dir/juce_binarydata_MicroMarimba_UIResources/JuceLibraryCode/BinaryData2.cpp.o
[3/60] Building CXX object plugins/MicroMarimba/CMakeFiles/MicroMarimba_UIResources.dir/juce_binarydata_MicroMarimba_UIResources/JuceLibraryCode/BinaryData3.cpp.o
[4/60] Building CXX object plugins/MicroMarimba/CMakeFiles/MicroMarimba_UIResources.dir/juce_binarydata_MicroMarimba_UIResources/JuceLibraryCode/BinaryData1.cpp.o
[5/60] Building CXX object plugins/MicroMarimba/CMakeFiles/MicroMarimba_UIResources.dir/juce_binarydata_MicroMarimba_UIResources/JuceLibraryCode/BinaryData4.cpp.o
[6/60] Building CXX object plugins/MicroMarimba/CMakeFiles/MicroMarimba_UIResources.dir/juce_binarydata_MicroMarimba_UIResources/JuceLibraryCode/BinaryData5.cpp.o
[7/60] Linking CXX static library plugins/MicroMarimba/libMicroMarimba_UIResources.a
[8/60] Generating MicroMarimba_artefacts/JuceLibraryCode/JuceHeader.h
[9/60] Building CXX object plugins/MicroMarimba/CMakeFiles/MicroMarimba.dir/Users/taylorbrook/JUCE/modules/juce_audio_processors/juce_audio_processors_lv2_libs.cpp.o
[10/60] Building CXX object plugins/MicroMarimba/CMakeFiles/MicroMarimba.dir/Users/taylorbrook/JUCE/modules/juce_core/juce_core_CompilationTime.cpp.o
[11/60] Building CXX object plugins/MicroMarimba/CMakeFiles/MicroMarimba.dir/Users/taylorbrook/JUCE/modules/juce_audio_processors/juce_audio_processors_ara.cpp.o
[12/60] Building C object plugins/MicroMarimba/CMakeFiles/MicroMarimba.dir/Users/taylorbrook/JUCE/modules/juce_graphics/juce_graphics_Sheenbidi.c.o
[13/60] Building CXX object plugins/MicroMarimba/CMakeFiles/MicroMarimba.dir/Source/TuningEngine.cpp.o
/Users/taylorbrook/Dev/VST-development/plugins/MicroMarimba/Source/TuningEngine.cpp:40:31: warning: implicit conversion changes signedness: 'int' to 'size_type' (aka 'unsigned long') [-Wsign-conversion]
   40 |         return frequencyTable[transposedNote].load();
      |                ~~~~~~~~~~~~~~ ^~~~~~~~~~~~~~
/Users/taylorbrook/Dev/VST-development/plugins/MicroMarimba/Source/TuningEngine.cpp:44:27: warning: implicit conversion changes signedness: 'int' to 'size_type' (aka 'unsigned long') [-Wsign-conversion]
   44 |     return frequencyTable[transposedNote].load();
      |            ~~~~~~~~~~~~~~ ^~~~~~~~~~~~~~
/Users/taylorbrook/Dev/VST-development/plugins/MicroMarimba/Source/TuningEngine.cpp:182:24: warning: implicit conversion changes signedness: 'int' to 'size_type' (aka 'unsigned long') [-Wsign-conversion]
  182 |         frequencyTable[note].store(freq);
      |         ~~~~~~~~~~~~~~ ^~~~
/Users/taylorbrook/Dev/VST-development/plugins/MicroMarimba/Source/TuningEngine.cpp:164:12: warning: unused variable 'refPitch' [-Wunused-variable]
  164 |     double refPitch = referencePitch.load();
      |            ^~~~~~~~
/Users/taylorbrook/Dev/VST-development/plugins/MicroMarimba/Source/TuningEngine.cpp:216:35: warning: implicit conversion changes signedness: 'int' to 'size_type' (aka 'unsigned long') [-Wsign-conversion]
  216 |     double cents = scaleIntervals[degree];
      |                    ~~~~~~~~~~~~~~ ^~~~~~
5 warnings generated.
[14/60] Building CXX object plugins/MicroMarimba/CMakeFiles/MicroMarimba.dir/Source/BodyResonance.cpp.o
[15/60] Building CXX object plugins/MicroMarimba/CMakeFiles/MicroMarimba_vst3_helper.dir/Users/taylorbrook/JUCE/modules/juce_audio_plugin_client/VST3/juce_VST3ManifestHelper.mm.o
[16/60] Linking CXX executable plugins/MicroMarimba/MicroMarimba_vst3_helper
[17/60] Building CXX object plugins/MicroMarimba/CMakeFiles/MicroMarimba.dir/Users/taylorbrook/JUCE/modules/juce_data_structures/juce_data_structures.mm.o
[18/60] Building CXX object plugins/MicroMarimba/CMakeFiles/MicroMarimba.dir/Source/MarimbaVoice.cpp.o
/Users/taylorbrook/Dev/VST-development/plugins/MicroMarimba/Source/MarimbaVoice.cpp:242:49: warning: implicit conversion changes signedness: 'int' to 'size_type' (aka 'unsigned long') [-Wsign-conversion]
  242 |         float modeFreq = baseFreq * MODE_RATIOS[i];
      |                                     ~~~~~~~~~~~ ^
/Users/taylorbrook/Dev/VST-development/plugins/MicroMarimba/Source/MarimbaVoice.cpp:248:15: warning: implicit conversion changes signedness: 'int' to 'size_type' (aka 'unsigned long') [-Wsign-conversion]
  248 |         modes[i].amplitude = getModeAmplitude(i, barMaterial);
      |         ~~~~~ ^
/Users/taylorbrook/Dev/VST-development/plugins/MicroMarimba/Source/MarimbaVoice.cpp:261:25: warning: implicit conversion changes signedness: 'int' to 'size_type' (aka 'unsigned long') [-Wsign-conversion]
  261 |         float g = modes[i].amplitude * (1.0f - r);
      |                   ~~~~~ ^
/Users/taylorbrook/Dev/VST-development/plugins/MicroMarimba/Source/MarimbaVoice.cpp:264:15: warning: implicit conversion changes signedness: 'int' to 'size_type' (aka 'unsigned long') [-Wsign-conversion]
  264 |         modes[i].b0 = g;
      |         ~~~~~ ^
/Users/taylorbrook/Dev/VST-development/plugins/MicroMarimba/Source/MarimbaVoice.cpp:265:15: warning: implicit conversion changes signedness: 'int' to 'size_type' (aka 'unsigned long') [-Wsign-conversion]
  265 |         modes[i].a1 = 2.0f * r * std::cos(theta);
      |         ~~~~~ ^
/Users/taylorbrook/Dev/VST-development/plugins/MicroMarimba/Source/MarimbaVoice.cpp:266:15: warning: implicit conversion changes signedness: 'int' to 'size_type' (aka 'unsigned long') [-Wsign-conversion]
  266 |         modes[i].a2 = -(r * r);
      |         ~~~~~ ^
6 warnings generated.
[19/60] Building CXX object plugins/MicroMarimba/CMakeFiles/MicroMarimba.dir/Source/PluginProcessor.cpp.o
[20/60] Building CXX object plugins/MicroMarimba/CMakeFiles/MicroMarimba.dir/Source/PluginEditor.cpp.o
[21/60] Building CXX object plugins/MicroMarimba/CMakeFiles/MicroMarimba.dir/Users/taylorbrook/JUCE/modules/juce_events/juce_events.mm.o
[22/60] Building CXX object plugins/MicroMarimba/CMakeFiles/MicroMarimba.dir/Users/taylorbrook/JUCE/modules/juce_audio_devices/juce_audio_devices.mm.o
[23/60] Building CXX object plugins/MicroMarimba/CMakeFiles/MicroMarimba.dir/Users/taylorbrook/JUCE/modules/juce_audio_basics/juce_audio_basics.mm.o
[24/60] Building CXX object plugins/MicroMarimba/CMakeFiles/MicroMarimba.dir/Users/taylorbrook/JUCE/modules/juce_audio_utils/juce_audio_utils.mm.o
[25/60] Building CXX object plugins/MicroMarimba/CMakeFiles/MicroMarimba.dir/Users/taylorbrook/JUCE/modules/juce_dsp/juce_dsp.mm.o
[26/60] Building CXX object plugins/MicroMarimba/CMakeFiles/MicroMarimba.dir/Users/taylorbrook/JUCE/modules/juce_gui_extra/juce_gui_extra.mm.o
[27/60] Building CXX object plugins/MicroMarimba/CMakeFiles/MicroMarimba.dir/Users/taylorbrook/JUCE/modules/juce_audio_formats/juce_audio_formats.mm.o
[28/60] Building CXX object plugins/MicroMarimba/CMakeFiles/MicroMarimba.dir/Users/taylorbrook/JUCE/modules/juce_audio_processors/juce_audio_processors.mm.o
[29/60] Building CXX object plugins/MicroMarimba/CMakeFiles/MicroMarimba.dir/Users/taylorbrook/JUCE/modules/juce_core/juce_core.mm.o
[30/60] Building CXX object plugins/MicroMarimba/CMakeFiles/MicroMarimba.dir/Users/taylorbrook/JUCE/modules/juce_graphics/juce_graphics.mm.o
[31/60] Building CXX object plugins/MicroMarimba/CMakeFiles/MicroMarimba.dir/Users/taylorbrook/JUCE/modules/juce_graphics/juce_graphics_Harfbuzz.cpp.o
[32/60] Building CXX object plugins/MicroMarimba/CMakeFiles/MicroMarimba.dir/Users/taylorbrook/JUCE/modules/juce_gui_basics/juce_gui_basics.mm.o
In file included from /Users/taylorbrook/JUCE/modules/juce_gui_basics/juce_gui_basics.mm:35:
In file included from /Users/taylorbrook/JUCE/modules/juce_gui_basics/juce_gui_basics.cpp:189:
/Users/taylorbrook/JUCE/modules/juce_gui_basics/native/juce_NSViewComponentPeer_mac.mm:1923:17: warning: enumeration value 'NSEventTypeMouseCancelled' not explicitly handled in switch [-Wswitch-enum]
 1923 |         switch ([e type])
      |                 ^~~~~~~~
/Users/taylorbrook/JUCE/modules/juce_gui_basics/native/juce_NSViewComponentPeer_mac.mm:1923:17: note: add missing switch cases
 1923 |         switch ([e type])
      |                 ^
1 warning generated.
[33/60] Linking CXX static library "plugins/MicroMarimba/MicroMarimba_artefacts/Release/libOuaricon Marimba_SharedCode.a"
[34/60] Generating MicroMarimba_artefacts/JuceLibraryCode/MicroMarimba_AU/PkgInfo
[35/60] Generating MicroMarimba_artefacts/JuceLibraryCode/MicroMarimba_VST3/PkgInfo
[36/60] Building CXX object plugins/MicroMarimba/CMakeFiles/MicroMarimba_AU.dir/Users/taylorbrook/JUCE/modules/juce_audio_plugin_client/juce_audio_plugin_client_AAX_utils.cpp.o
[37/60] Building CXX object plugins/MicroMarimba/CMakeFiles/MicroMarimba_AU.dir/Users/taylorbrook/JUCE/modules/juce_audio_plugin_client/juce_audio_plugin_client_AAX.mm.o
[38/60] Building CXX object plugins/MicroMarimba/CMakeFiles/MicroMarimba_AU.dir/Users/taylorbrook/JUCE/modules/juce_audio_plugin_client/juce_audio_plugin_client_VST2.mm.o
[39/60] Building CXX object plugins/MicroMarimba/CMakeFiles/MicroMarimba_VST3.dir/Users/taylorbrook/JUCE/modules/juce_audio_plugin_client/juce_audio_plugin_client_Unity.cpp.o
[40/60] Building CXX object plugins/MicroMarimba/CMakeFiles/MicroMarimba_AU.dir/Users/taylorbrook/JUCE/modules/juce_audio_plugin_client/juce_audio_plugin_client_ARA.cpp.o
[41/60] Building CXX object plugins/MicroMarimba/CMakeFiles/MicroMarimba_AU.dir/Users/taylorbrook/JUCE/modules/juce_audio_plugin_client/juce_audio_plugin_client_Standalone.cpp.o
[42/60] Building CXX object plugins/MicroMarimba/CMakeFiles/MicroMarimba_AU.dir/Users/taylorbrook/JUCE/modules/juce_audio_plugin_client/juce_audio_plugin_client_Unity.cpp.o
[43/60] Building CXX object plugins/MicroMarimba/CMakeFiles/MicroMarimba_AU.dir/Users/taylorbrook/JUCE/modules/juce_audio_plugin_client/juce_audio_plugin_client_LV2.mm.o
[44/60] Building CXX object plugins/MicroMarimba/CMakeFiles/MicroMarimba_AU.dir/Users/taylorbrook/JUCE/modules/juce_audio_plugin_client/juce_audio_plugin_client_VST3.mm.o
[45/60] Building CXX object plugins/MicroMarimba/CMakeFiles/MicroMarimba_VST3.dir/Users/taylorbrook/JUCE/modules/juce_audio_plugin_client/juce_audio_plugin_client_AAX_utils.cpp.o
[46/60] Building CXX object plugins/MicroMarimba/CMakeFiles/MicroMarimba_VST3.dir/Users/taylorbrook/JUCE/modules/juce_audio_plugin_client/juce_audio_plugin_client_ARA.cpp.o
[47/60] Building CXX object plugins/MicroMarimba/CMakeFiles/MicroMarimba_VST3.dir/Users/taylorbrook/JUCE/modules/juce_audio_plugin_client/juce_audio_plugin_client_Standalone.cpp.o
[48/60] Building CXX object plugins/MicroMarimba/CMakeFiles/MicroMarimba_VST3.dir/Users/taylorbrook/JUCE/modules/juce_audio_plugin_client/juce_audio_plugin_client_AU_1.mm.o
[49/60] Building CXX object plugins/MicroMarimba/CMakeFiles/MicroMarimba_VST3.dir/Users/taylorbrook/JUCE/modules/juce_audio_plugin_client/juce_audio_plugin_client_AAX.mm.o
[50/60] Building CXX object plugins/MicroMarimba/CMakeFiles/MicroMarimba_VST3.dir/Users/taylorbrook/JUCE/modules/juce_audio_plugin_client/juce_audio_plugin_client_AU_2.mm.o
[51/60] Building CXX object plugins/MicroMarimba/CMakeFiles/MicroMarimba_AU.dir/Users/taylorbrook/JUCE/modules/juce_audio_plugin_client/juce_audio_plugin_client_AUv3.mm.o
[52/60] Building CXX object plugins/MicroMarimba/CMakeFiles/MicroMarimba_VST3.dir/Users/taylorbrook/JUCE/modules/juce_audio_plugin_client/juce_audio_plugin_client_AUv3.mm.o
[53/60] Building CXX object plugins/MicroMarimba/CMakeFiles/MicroMarimba_VST3.dir/Users/taylorbrook/JUCE/modules/juce_audio_plugin_client/juce_audio_plugin_client_LV2.mm.o
[54/60] Building CXX object plugins/MicroMarimba/CMakeFiles/MicroMarimba_VST3.dir/Users/taylorbrook/JUCE/modules/juce_audio_plugin_client/juce_audio_plugin_client_VST2.mm.o
[55/60] Building CXX object plugins/MicroMarimba/CMakeFiles/MicroMarimba_AU.dir/Users/taylorbrook/JUCE/modules/juce_audio_plugin_client/juce_audio_plugin_client_AU_2.mm.o
[56/60] Building CXX object plugins/MicroMarimba/CMakeFiles/MicroMarimba_AU.dir/Users/taylorbrook/JUCE/modules/juce_audio_plugin_client/juce_audio_plugin_client_AU_1.mm.o
[57/60] Building CXX object plugins/MicroMarimba/CMakeFiles/MicroMarimba_VST3.dir/Users/taylorbrook/JUCE/modules/juce_audio_plugin_client/juce_audio_plugin_client_VST3.mm.o
[58/60] Linking CXX CFBundle shared module "plugins/MicroMarimba/MicroMarimba_artefacts/Release/AU/Ouaricon Marimba.component/Contents/MacOS/Ouaricon Marimba"
[59/60] Linking CXX CFBundle shared module "plugins/MicroMarimba/MicroMarimba_artefacts/Release/VST3/Ouaricon Marimba.vst3/Contents/MacOS/Ouaricon Marimba"
/Users/taylorbrook/Dev/VST-development/build/plugins/MicroMarimba/MicroMarimba_artefacts/Release/VST3/Ouaricon Marimba.vst3: code has no resources but signature indicates they must be present
-- Replacing invalid signature with ad-hoc signature
/Users/taylorbrook/Dev/VST-development/build/plugins/MicroMarimba/MicroMarimba_artefacts/Release/VST3/Ouaricon Marimba.vst3: replacing existing signature
removing moduleinfo.json
creating /Users/taylorbrook/Dev/VST-development/build/plugins/MicroMarimba/MicroMarimba_artefacts/Release/VST3/Ouaricon Marimba.vst3
Build: SUCCESS
Phase 3: Extract PRODUCT_NAME
PRODUCT_NAME: Ouaricon Marimba
Phase 4: Remove Old Versions
Removed old VST3: /Users/taylorbrook/Library/Audio/Plug-Ins/VST3/Ouaricon Marimba.vst3
Removed old AU: /Users/taylorbrook/Library/Audio/Plug-Ins/Components/Ouaricon Marimba.component
Phase 5: Install New Versions
Installed VST3: /Users/taylorbrook/Library/Audio/Plug-Ins/VST3/Ouaricon Marimba.vst3
Installed AU: /Users/taylorbrook/Library/Audio/Plug-Ins/Components/Ouaricon Marimba.component
Phase 6: Clear DAW Caches
Cleared Ableton plugin database
Cleared AU cache
Killed AudioComponentRegistrar
Phase 7: Verification

Verification: PASS
VST3: /Users/taylorbrook/Library/Audio/Plug-Ins/VST3/Ouaricon Marimba.vst3 (5.0M, 0s old)
AU: /Users/taylorbrook/Library/Audio/Plug-Ins/Components/Ouaricon Marimba.component (5.0M, 0s old)

Build completed at Sat 10 Jan 2026 19:33:38 PST
Duration: 38s
