Build started at Sat 10 Jan 2026 11:09:23 PST
Plugin: MicroMarimba
Flags: DRY_RUN=false NO_INSTALL=false VERBOSE=false RECONFIGURE=false
---
Phase 1: Pre-flight Validation
Pre-flight validation: PASS
Phase 2: Parallel Build
$ cmake --build build --config Release --target MicroMarimba_VST3 --target MicroMarimba_AU --parallel
[0/2] Re-checking globbed directories...
[1/12] Generating juce_binarydata_MicroMarimba_UIResources/JuceLibraryCode/BinaryData1.cpp, juce_binarydata_MicroMarimba_UIResources/JuceLibraryCode/BinaryData2.cpp, juce_binarydata_MicroMarimba_UIResources/JuceLibraryCode/BinaryData3.cpp, juce_binarydata_MicroMarimba_UIResources/JuceLibraryCode/BinaryData4.cpp, juce_binarydata_MicroMarimba_UIResources/JuceLibraryCode/BinaryData5.cpp, juce_binarydata_MicroMarimba_UIResources/JuceLibraryCode/BinaryData.h
[2/8] Building CXX object plugins/MicroMarimba/CMakeFiles/MicroMarimba_UIResources.dir/juce_binarydata_MicroMarimba_UIResources/JuceLibraryCode/BinaryData1.cpp.o
[3/8] Linking CXX static library plugins/MicroMarimba/libMicroMarimba_UIResources.a
[4/8] Building CXX object plugins/MicroMarimba/CMakeFiles/MicroMarimba.dir/Source/PluginEditor.cpp.o
[5/8] Linking CXX static library "plugins/MicroMarimba/MicroMarimba_artefacts/Release/libOuaricon Marimba_SharedCode.a"
[6/8] Linking CXX CFBundle shared module "plugins/MicroMarimba/MicroMarimba_artefacts/Release/AU/Ouaricon Marimba.component/Contents/MacOS/Ouaricon Marimba"
[7/8] Linking CXX CFBundle shared module "plugins/MicroMarimba/MicroMarimba_artefacts/Release/VST3/Ouaricon Marimba.vst3/Contents/MacOS/Ouaricon Marimba"
/Users/taylorbrook/Dev/VST-development/build/plugins/MicroMarimba/MicroMarimba_artefacts/Release/VST3/Ouaricon Marimba.vst3: code has no resources but signature indicates they must be present
-- Replacing invalid signature with ad-hoc signature
/Users/taylorbrook/Dev/VST-development/build/plugins/MicroMarimba/MicroMarimba_artefacts/Release/VST3/Ouaricon Marimba.vst3: replacing existing signature
removing moduleinfo.json
creating /Users/taylorbrook/Dev/VST-development/build/plugins/MicroMarimba/MicroMarimba_artefacts/Release/VST3/Ouaricon Marimba.vst3
Build: SUCCESS
Phase 3: Extract PRODUCT_NAME
PRODUCT_NAME: Ouaricon Marimba
Phase 4: Remove Old Versions
Removed old VST3: /Users/taylorbrook/Library/Audio/Plug-Ins/VST3/Ouaricon Marimba.vst3
Removed old AU: /Users/taylorbrook/Library/Audio/Plug-Ins/Components/Ouaricon Marimba.component
Phase 5: Install New Versions
Installed VST3: /Users/taylorbrook/Library/Audio/Plug-Ins/VST3/Ouaricon Marimba.vst3
Installed AU: /Users/taylorbrook/Library/Audio/Plug-Ins/Components/Ouaricon Marimba.component
Phase 6: Clear DAW Caches
Cleared Ableton plugin database
Cleared AU cache
Killed AudioComponentRegistrar
Phase 7: Verification

Verification: PASS
VST3: /Users/taylorbrook/Library/Audio/Plug-Ins/VST3/Ouaricon Marimba.vst3 (5.0M, 0s old)
AU: /Users/taylorbrook/Library/Audio/Plug-Ins/Components/Ouaricon Marimba.component (5.0M, 0s old)

Build completed at Sat 10 Jan 2026 11:09:39 PST
Duration: 16s
